<?xml version="1.0"?>
<link_info>
   <banner>MSP430 Linker PC v16.9.1.LTS</banner>
   <copyright>Copyright (c) 2003-2015 Texas Instruments Incorporated</copyright>
   <link_time>0x58f9b92a</link_time>
   <link_errors>0x0</link_errors>
   <output_file>project_EmbededSystem.out</output_file>
   <entry_point>
      <name>_c_int00_noinit_noargs_noexit</name>
      <address>0xd0c4</address>
   </entry_point>
   <input_file_list>
      <input_file id="fl-2">
         <path>.\</path>
         <kind>object</kind>
         <file>main.obj</file>
         <name>main.obj</name>
      </input_file>
      <input_file id="fl-1d">
         <path>C:\ti\ccsv7\tools\compiler\ti-cgt-msp430_16.9.1.LTS\lib\</path>
         <kind>archive</kind>
         <file>rts430_eabi.lib</file>
         <name>addd.obj</name>
      </input_file>
      <input_file id="fl-1e">
         <path>C:\ti\ccsv7\tools\compiler\ti-cgt-msp430_16.9.1.LTS\lib\</path>
         <kind>archive</kind>
         <file>rts430_eabi.lib</file>
         <name>asr16.obj</name>
      </input_file>
      <input_file id="fl-1f">
         <path>C:\ti\ccsv7\tools\compiler\ti-cgt-msp430_16.9.1.LTS\lib\</path>
         <kind>archive</kind>
         <file>rts430_eabi.lib</file>
         <name>boot.obj</name>
      </input_file>
      <input_file id="fl-20">
         <path>C:\ti\ccsv7\tools\compiler\ti-cgt-msp430_16.9.1.LTS\lib\</path>
         <kind>archive</kind>
         <file>rts430_eabi.lib</file>
         <name>boot_special.obj</name>
      </input_file>
      <input_file id="fl-21">
         <path>C:\ti\ccsv7\tools\compiler\ti-cgt-msp430_16.9.1.LTS\lib\</path>
         <kind>archive</kind>
         <file>rts430_eabi.lib</file>
         <name>copy_decompress_lzss.obj</name>
      </input_file>
      <input_file id="fl-22">
         <path>C:\ti\ccsv7\tools\compiler\ti-cgt-msp430_16.9.1.LTS\lib\</path>
         <kind>archive</kind>
         <file>rts430_eabi.lib</file>
         <name>copy_decompress_none.obj</name>
      </input_file>
      <input_file id="fl-23">
         <path>C:\ti\ccsv7\tools\compiler\ti-cgt-msp430_16.9.1.LTS\lib\</path>
         <kind>archive</kind>
         <file>rts430_eabi.lib</file>
         <name>copy_zero_init.obj</name>
      </input_file>
      <input_file id="fl-24">
         <path>C:\ti\ccsv7\tools\compiler\ti-cgt-msp430_16.9.1.LTS\lib\</path>
         <kind>archive</kind>
         <file>rts430_eabi.lib</file>
         <name>cvtfd.obj</name>
      </input_file>
      <input_file id="fl-25">
         <path>C:\ti\ccsv7\tools\compiler\ti-cgt-msp430_16.9.1.LTS\lib\</path>
         <kind>archive</kind>
         <file>rts430_eabi.lib</file>
         <name>div32u.obj</name>
      </input_file>
      <input_file id="fl-26">
         <path>C:\ti\ccsv7\tools\compiler\ti-cgt-msp430_16.9.1.LTS\lib\</path>
         <kind>archive</kind>
         <file>rts430_eabi.lib</file>
         <name>epilog.obj</name>
      </input_file>
      <input_file id="fl-27">
         <path>C:\ti\ccsv7\tools\compiler\ti-cgt-msp430_16.9.1.LTS\lib\</path>
         <kind>archive</kind>
         <file>rts430_eabi.lib</file>
         <name>exit.obj</name>
      </input_file>
      <input_file id="fl-28">
         <path>C:\ti\ccsv7\tools\compiler\ti-cgt-msp430_16.9.1.LTS\lib\</path>
         <kind>archive</kind>
         <file>rts430_eabi.lib</file>
         <name>exit_gvars.obj</name>
      </input_file>
      <input_file id="fl-29">
         <path>C:\ti\ccsv7\tools\compiler\ti-cgt-msp430_16.9.1.LTS\lib\</path>
         <kind>archive</kind>
         <file>rts430_eabi.lib</file>
         <name>fixdul.obj</name>
      </input_file>
      <input_file id="fl-2a">
         <path>C:\ti\ccsv7\tools\compiler\ti-cgt-msp430_16.9.1.LTS\lib\</path>
         <kind>archive</kind>
         <file>rts430_eabi.lib</file>
         <name>frcaddd.obj</name>
      </input_file>
      <input_file id="fl-2b">
         <path>C:\ti\ccsv7\tools\compiler\ti-cgt-msp430_16.9.1.LTS\lib\</path>
         <kind>archive</kind>
         <file>rts430_eabi.lib</file>
         <name>fs_add.obj</name>
      </input_file>
      <input_file id="fl-2c">
         <path>C:\ti\ccsv7\tools\compiler\ti-cgt-msp430_16.9.1.LTS\lib\</path>
         <kind>archive</kind>
         <file>rts430_eabi.lib</file>
         <name>fs_cmp.obj</name>
      </input_file>
      <input_file id="fl-2d">
         <path>C:\ti\ccsv7\tools\compiler\ti-cgt-msp430_16.9.1.LTS\lib\</path>
         <kind>archive</kind>
         <file>rts430_eabi.lib</file>
         <name>fs_mpy.obj</name>
      </input_file>
      <input_file id="fl-2e">
         <path>C:\ti\ccsv7\tools\compiler\ti-cgt-msp430_16.9.1.LTS\lib\</path>
         <kind>archive</kind>
         <file>rts430_eabi.lib</file>
         <name>fs_neg.obj</name>
      </input_file>
      <input_file id="fl-2f">
         <path>C:\ti\ccsv7\tools\compiler\ti-cgt-msp430_16.9.1.LTS\lib\</path>
         <kind>archive</kind>
         <file>rts430_eabi.lib</file>
         <name>fs_toul.obj</name>
      </input_file>
      <input_file id="fl-30">
         <path>C:\ti\ccsv7\tools\compiler\ti-cgt-msp430_16.9.1.LTS\lib\</path>
         <kind>archive</kind>
         <file>rts430_eabi.lib</file>
         <name>fs_ultof.obj</name>
      </input_file>
      <input_file id="fl-31">
         <path>C:\ti\ccsv7\tools\compiler\ti-cgt-msp430_16.9.1.LTS\lib\</path>
         <kind>archive</kind>
         <file>rts430_eabi.lib</file>
         <name>fs_utof.obj</name>
      </input_file>
      <input_file id="fl-32">
         <path>C:\ti\ccsv7\tools\compiler\ti-cgt-msp430_16.9.1.LTS\lib\</path>
         <kind>archive</kind>
         <file>rts430_eabi.lib</file>
         <name>int00.obj</name>
      </input_file>
      <input_file id="fl-33">
         <path>C:\ti\ccsv7\tools\compiler\ti-cgt-msp430_16.9.1.LTS\lib\</path>
         <kind>archive</kind>
         <file>rts430_eabi.lib</file>
         <name>int02.obj</name>
      </input_file>
      <input_file id="fl-34">
         <path>C:\ti\ccsv7\tools\compiler\ti-cgt-msp430_16.9.1.LTS\lib\</path>
         <kind>archive</kind>
         <file>rts430_eabi.lib</file>
         <name>int03.obj</name>
      </input_file>
      <input_file id="fl-35">
         <path>C:\ti\ccsv7\tools\compiler\ti-cgt-msp430_16.9.1.LTS\lib\</path>
         <kind>archive</kind>
         <file>rts430_eabi.lib</file>
         <name>int05.obj</name>
      </input_file>
      <input_file id="fl-36">
         <path>C:\ti\ccsv7\tools\compiler\ti-cgt-msp430_16.9.1.LTS\lib\</path>
         <kind>archive</kind>
         <file>rts430_eabi.lib</file>
         <name>int06.obj</name>
      </input_file>
      <input_file id="fl-37">
         <path>C:\ti\ccsv7\tools\compiler\ti-cgt-msp430_16.9.1.LTS\lib\</path>
         <kind>archive</kind>
         <file>rts430_eabi.lib</file>
         <name>int08.obj</name>
      </input_file>
      <input_file id="fl-38">
         <path>C:\ti\ccsv7\tools\compiler\ti-cgt-msp430_16.9.1.LTS\lib\</path>
         <kind>archive</kind>
         <file>rts430_eabi.lib</file>
         <name>int09.obj</name>
      </input_file>
      <input_file id="fl-39">
         <path>C:\ti\ccsv7\tools\compiler\ti-cgt-msp430_16.9.1.LTS\lib\</path>
         <kind>archive</kind>
         <file>rts430_eabi.lib</file>
         <name>int10.obj</name>
      </input_file>
      <input_file id="fl-3a">
         <path>C:\ti\ccsv7\tools\compiler\ti-cgt-msp430_16.9.1.LTS\lib\</path>
         <kind>archive</kind>
         <file>rts430_eabi.lib</file>
         <name>int11.obj</name>
      </input_file>
      <input_file id="fl-3b">
         <path>C:\ti\ccsv7\tools\compiler\ti-cgt-msp430_16.9.1.LTS\lib\</path>
         <kind>archive</kind>
         <file>rts430_eabi.lib</file>
         <name>int12.obj</name>
      </input_file>
      <input_file id="fl-3c">
         <path>C:\ti\ccsv7\tools\compiler\ti-cgt-msp430_16.9.1.LTS\lib\</path>
         <kind>archive</kind>
         <file>rts430_eabi.lib</file>
         <name>int13.obj</name>
      </input_file>
      <input_file id="fl-3d">
         <path>C:\ti\ccsv7\tools\compiler\ti-cgt-msp430_16.9.1.LTS\lib\</path>
         <kind>archive</kind>
         <file>rts430_eabi.lib</file>
         <name>int14.obj</name>
      </input_file>
      <input_file id="fl-3e">
         <path>C:\ti\ccsv7\tools\compiler\ti-cgt-msp430_16.9.1.LTS\lib\</path>
         <kind>archive</kind>
         <file>rts430_eabi.lib</file>
         <name>isr_trap.obj</name>
      </input_file>
      <input_file id="fl-3f">
         <path>C:\ti\ccsv7\tools\compiler\ti-cgt-msp430_16.9.1.LTS\lib\</path>
         <kind>archive</kind>
         <file>rts430_eabi.lib</file>
         <name>lsl16.obj</name>
      </input_file>
      <input_file id="fl-40">
         <path>C:\ti\ccsv7\tools\compiler\ti-cgt-msp430_16.9.1.LTS\lib\</path>
         <kind>archive</kind>
         <file>rts430_eabi.lib</file>
         <name>lsl32.obj</name>
      </input_file>
      <input_file id="fl-41">
         <path>C:\ti\ccsv7\tools\compiler\ti-cgt-msp430_16.9.1.LTS\lib\</path>
         <kind>archive</kind>
         <file>rts430_eabi.lib</file>
         <name>lsr16.obj</name>
      </input_file>
      <input_file id="fl-42">
         <path>C:\ti\ccsv7\tools\compiler\ti-cgt-msp430_16.9.1.LTS\lib\</path>
         <kind>archive</kind>
         <file>rts430_eabi.lib</file>
         <name>lsr32.obj</name>
      </input_file>
      <input_file id="fl-43">
         <path>C:\ti\ccsv7\tools\compiler\ti-cgt-msp430_16.9.1.LTS\lib\</path>
         <kind>archive</kind>
         <file>rts430_eabi.lib</file>
         <name>lsr64.obj</name>
      </input_file>
      <input_file id="fl-44">
         <path>C:\ti\ccsv7\tools\compiler\ti-cgt-msp430_16.9.1.LTS\lib\</path>
         <kind>archive</kind>
         <file>rts430_eabi.lib</file>
         <name>memcpy.obj</name>
      </input_file>
      <input_file id="fl-45">
         <path>C:\ti\ccsv7\tools\compiler\ti-cgt-msp430_16.9.1.LTS\lib\</path>
         <kind>archive</kind>
         <file>rts430_eabi.lib</file>
         <name>mpu_init.obj</name>
      </input_file>
      <input_file id="fl-46">
         <path>C:\ti\ccsv7\tools\compiler\ti-cgt-msp430_16.9.1.LTS\lib\</path>
         <kind>archive</kind>
         <file>rts430_eabi.lib</file>
         <name>pre_init.obj</name>
      </input_file>
      <input_file id="fl-47">
         <path>C:\ti\ccsv7\tools\compiler\ti-cgt-msp430_16.9.1.LTS\lib\</path>
         <kind>archive</kind>
         <file>rts430_eabi.lib</file>
         <name>renormd.obj</name>
      </input_file>
      <input_file id="fl-48">
         <path>C:\ti\ccsv7\tools\compiler\ti-cgt-msp430_16.9.1.LTS\lib\</path>
         <kind>archive</kind>
         <file>rts430_eabi.lib</file>
         <name>strlen.obj</name>
      </input_file>
      <input_file id="fl-49">
         <path>C:\ti\ccsv7\tools\compiler\ti-cgt-msp430_16.9.1.LTS\lib\</path>
         <kind>archive</kind>
         <file>rts430_eabi.lib</file>
         <name>_lock.obj</name>
      </input_file>
      <input_file id="fl-4a">
         <path>C:\ti\ccsv7\tools\compiler\ti-cgt-msp430_16.9.1.LTS\lib\</path>
         <kind>archive</kind>
         <file>rts430_eabi.lib</file>
         <name>args_main.obj</name>
      </input_file>
      <input_file id="fl-4b">
         <path>C:\ti\ccsv7\tools\compiler\ti-cgt-msp430_16.9.1.LTS\lib\</path>
         <kind>archive</kind>
         <file>rts430_eabi.lib</file>
         <name>asr32.obj</name>
      </input_file>
      <input_file id="fl-4c">
         <path>C:\ti\ccsv7\tools\compiler\ti-cgt-msp430_16.9.1.LTS\lib\</path>
         <kind>archive</kind>
         <file>rts430_eabi.lib</file>
         <name>autoinit.obj</name>
      </input_file>
      <input_file id="fl-4d">
         <path>C:\ti\ccsv7\tools\compiler\ti-cgt-msp430_16.9.1.LTS\lib\</path>
         <kind>archive</kind>
         <file>rts430_eabi.lib</file>
         <name>cpy_tbl.obj</name>
      </input_file>
      <input_file id="fl-4e">
         <path>C:\ti\ccsv7\tools\compiler\ti-cgt-msp430_16.9.1.LTS\lib\</path>
         <kind>archive</kind>
         <file>rts430_eabi.lib</file>
         <name>mult16.obj</name>
      </input_file>
      <input_file id="fl-4f">
         <path>C:\ti\ccsv7\tools\compiler\ti-cgt-msp430_16.9.1.LTS\lib\</path>
         <kind>archive</kind>
         <file>rts430_eabi.lib</file>
         <name>startup.obj</name>
      </input_file>
   </input_file_list>
   <object_component_list>
      <object_component id="oc-f1">
         <name>.stack</name>
         <uninitialized>true</uninitialized>
         <run_address>0x3b0</run_address>
         <size>0x2</size>
         <input_file_ref idref="fl-1f"/>
      </object_component>
      <object_component id="oc-31d">
         <name>.stack</name>
         <uninitialized>true</uninitialized>
         <run_address>0x3b0</run_address>
         <size>0x0</size>
      </object_component>
      <object_component id="oc-24d">
         <name>.text:__mspabi_addd</name>
         <load_address>0xc000</load_address>
         <run_address>0xc000</run_address>
         <size>0x2e8</size>
         <input_file_ref idref="fl-1d"/>
      </object_component>
      <object_component id="oc-29f">
         <name>.text:__TI_frcaddd</name>
         <load_address>0xc2e8</load_address>
         <run_address>0xc2e8</run_address>
         <size>0x260</size>
         <input_file_ref idref="fl-2a"/>
      </object_component>
      <object_component id="oc-219">
         <name>.text</name>
         <load_address>0xc548</load_address>
         <run_address>0xc548</run_address>
         <size>0x132</size>
         <input_file_ref idref="fl-2b"/>
      </object_component>
      <object_component id="oc-14e">
         <name>.text:main</name>
         <load_address>0xc67a</load_address>
         <run_address>0xc67a</run_address>
         <size>0xda</size>
         <input_file_ref idref="fl-2"/>
      </object_component>
      <object_component id="oc-1b9">
         <name>.text:SHT10_calculate</name>
         <load_address>0xc754</load_address>
         <run_address>0xc754</run_address>
         <size>0xd8</size>
         <input_file_ref idref="fl-2"/>
      </object_component>
      <object_component id="oc-214">
         <name>.text</name>
         <load_address>0xc82c</load_address>
         <run_address>0xc82c</run_address>
         <size>0xc4</size>
         <input_file_ref idref="fl-2d"/>
      </object_component>
      <object_component id="oc-2cb">
         <name>.text:__TI_renormd</name>
         <load_address>0xc8f0</load_address>
         <run_address>0xc8f0</run_address>
         <size>0xbe</size>
         <input_file_ref idref="fl-47"/>
      </object_component>
      <object_component id="oc-1c6">
         <name>.text:printf_float</name>
         <load_address>0xc9ae</load_address>
         <run_address>0xc9ae</run_address>
         <size>0xa2</size>
         <input_file_ref idref="fl-2"/>
      </object_component>
      <object_component id="oc-23c">
         <name>.text:printf_int</name>
         <load_address>0xca50</load_address>
         <run_address>0xca50</run_address>
         <size>0x78</size>
         <input_file_ref idref="fl-2"/>
      </object_component>
      <object_component id="oc-253">
         <name>.text:__mspabi_fixdul</name>
         <load_address>0xcac8</load_address>
         <run_address>0xcac8</run_address>
         <size>0x74</size>
         <input_file_ref idref="fl-29"/>
      </object_component>
      <object_component id="oc-247">
         <name>.text:__mspabi_cvtfd</name>
         <load_address>0xcb3c</load_address>
         <run_address>0xcb3c</run_address>
         <size>0x72</size>
         <input_file_ref idref="fl-24"/>
      </object_component>
      <object_component id="oc-1d2">
         <name>.text:SHT10_Measure</name>
         <load_address>0xcbae</load_address>
         <run_address>0xcbae</run_address>
         <size>0x70</size>
         <input_file_ref idref="fl-2"/>
      </object_component>
      <object_component id="oc-267">
         <name>.text:SHT10_ReadData</name>
         <load_address>0xcc1e</load_address>
         <run_address>0xcc1e</run_address>
         <size>0x70</size>
         <input_file_ref idref="fl-2"/>
      </object_component>
      <object_component id="oc-261">
         <name>.text:SHT10_WriteByte</name>
         <load_address>0xcc8e</load_address>
         <run_address>0xcc8e</run_address>
         <size>0x6a</size>
         <input_file_ref idref="fl-2"/>
      </object_component>
      <object_component id="oc-2d9">
         <name>.text:l_lsr_const</name>
         <load_address>0xccf8</load_address>
         <run_address>0xccf8</run_address>
         <size>0x5c</size>
         <input_file_ref idref="fl-42"/>
      </object_component>
      <object_component id="oc-287">
         <name>.text</name>
         <load_address>0xcd54</load_address>
         <run_address>0xcd54</run_address>
         <size>0x58</size>
         <input_file_ref idref="fl-25"/>
      </object_component>
      <object_component id="oc-25b">
         <name>.text:SHT10_transmission_start</name>
         <load_address>0xcdac</load_address>
         <run_address>0xcdac</run_address>
         <size>0x4c</size>
         <input_file_ref idref="fl-2"/>
      </object_component>
      <object_component id="oc-237">
         <name>.text</name>
         <load_address>0xcdf8</load_address>
         <run_address>0xcdf8</run_address>
         <size>0x4c</size>
         <input_file_ref idref="fl-2f"/>
      </object_component>
      <object_component id="oc-fa">
         <name>.text</name>
         <load_address>0xce44</load_address>
         <run_address>0xce44</run_address>
         <size>0x4c</size>
         <input_file_ref idref="fl-41"/>
      </object_component>
      <object_component id="oc-22d">
         <name>.text</name>
         <load_address>0xce90</load_address>
         <run_address>0xce90</run_address>
         <size>0x4a</size>
         <input_file_ref idref="fl-2c"/>
      </object_component>
      <object_component id="oc-293">
         <name>.text:l_asr_const</name>
         <load_address>0xceda</load_address>
         <run_address>0xceda</run_address>
         <size>0x3e</size>
         <input_file_ref idref="fl-4b"/>
      </object_component>
      <object_component id="oc-2ac">
         <name>.text:l_lsl_const</name>
         <load_address>0xcf18</load_address>
         <run_address>0xcf18</run_address>
         <size>0x3e</size>
         <input_file_ref idref="fl-40"/>
      </object_component>
      <object_component id="oc-242">
         <name>.text</name>
         <load_address>0xcf56</load_address>
         <run_address>0xcf56</run_address>
         <size>0x32</size>
         <input_file_ref idref="fl-30"/>
      </object_component>
      <object_component id="oc-1cc">
         <name>.text:SHT10_reset_connection</name>
         <load_address>0xcf88</load_address>
         <run_address>0xcf88</run_address>
         <size>0x2e</size>
         <input_file_ref idref="fl-2"/>
      </object_component>
      <object_component id="oc-28e">
         <name>.text</name>
         <load_address>0xcfb6</load_address>
         <run_address>0xcfb6</run_address>
         <size>0x2c</size>
         <input_file_ref idref="fl-1e"/>
      </object_component>
      <object_component id="oc-f5">
         <name>.text</name>
         <load_address>0xcfe2</load_address>
         <run_address>0xcfe2</run_address>
         <size>0x2c</size>
         <input_file_ref idref="fl-3f"/>
      </object_component>
      <object_component id="oc-1ae">
         <name>.text:_config_uart</name>
         <load_address>0xd00e</load_address>
         <run_address>0xd00e</run_address>
         <size>0x26</size>
         <input_file_ref idref="fl-2"/>
      </object_component>
      <object_component id="oc-1c0">
         <name>.text:printf_string</name>
         <load_address>0xd034</load_address>
         <run_address>0xd034</run_address>
         <size>0x24</size>
         <input_file_ref idref="fl-2"/>
      </object_component>
      <object_component id="oc-1b4">
         <name>.text</name>
         <load_address>0xd058</load_address>
         <run_address>0xd058</run_address>
         <size>0x24</size>
         <input_file_ref idref="fl-31"/>
      </object_component>
      <object_component id="oc-1a2">
         <name>.text:_config_clock</name>
         <load_address>0xd07c</load_address>
         <run_address>0xd07c</run_address>
         <size>0x20</size>
         <input_file_ref idref="fl-2"/>
      </object_component>
      <object_component id="oc-121">
         <name>.text:USCI0RX_IRS</name>
         <load_address>0xd09c</load_address>
         <run_address>0xd09c</run_address>
         <size>0x14</size>
         <input_file_ref idref="fl-2"/>
      </object_component>
      <object_component id="oc-1a8">
         <name>.text:_config_gpio</name>
         <load_address>0xd0b0</load_address>
         <run_address>0xd0b0</run_address>
         <size>0x14</size>
         <input_file_ref idref="fl-2"/>
      </object_component>
      <object_component id="oc-83">
         <name>.text:_c_int00_noinit_noargs_noexit</name>
         <load_address>0xd0c4</load_address>
         <run_address>0xd0c4</run_address>
         <size>0x12</size>
         <input_file_ref idref="fl-20"/>
      </object_component>
      <object_component id="oc-2b1">
         <name>.text:l_lsr</name>
         <load_address>0xd0d6</load_address>
         <run_address>0xd0d6</run_address>
         <size>0x12</size>
         <input_file_ref idref="fl-42"/>
      </object_component>
      <object_component id="oc-2c6">
         <name>.text:l_asr</name>
         <load_address>0xd0e8</load_address>
         <run_address>0xd0e8</run_address>
         <size>0x10</size>
         <input_file_ref idref="fl-4b"/>
      </object_component>
      <object_component id="oc-2c1">
         <name>.text:l_lsl</name>
         <load_address>0xd0f8</load_address>
         <run_address>0xd0f8</run_address>
         <size>0x10</size>
         <input_file_ref idref="fl-40"/>
      </object_component>
      <object_component id="oc-ff">
         <name>.text</name>
         <load_address>0xd108</load_address>
         <run_address>0xd108</run_address>
         <size>0x10</size>
         <input_file_ref idref="fl-26"/>
      </object_component>
      <object_component id="oc-226">
         <name>.text:strlen</name>
         <load_address>0xd118</load_address>
         <run_address>0xd118</run_address>
         <size>0xe</size>
         <input_file_ref idref="fl-48"/>
      </object_component>
      <object_component id="oc-220">
         <name>.text:printf_char</name>
         <load_address>0xd126</load_address>
         <run_address>0xd126</run_address>
         <size>0xc</size>
         <input_file_ref idref="fl-2"/>
      </object_component>
      <object_component id="oc-232">
         <name>.text</name>
         <load_address>0xd132</load_address>
         <run_address>0xd132</run_address>
         <size>0xa</size>
         <input_file_ref idref="fl-2e"/>
      </object_component>
      <object_component id="oc-11c">
         <name>.text:_isr:__TI_ISR_TRAP</name>
         <load_address>0xd13c</load_address>
         <run_address>0xd13c</run_address>
         <size>0x8</size>
         <input_file_ref idref="fl-3e"/>
      </object_component>
      <object_component id="oc-156">
         <name>.text:abort</name>
         <load_address>0xd144</load_address>
         <run_address>0xd144</run_address>
         <size>0x6</size>
         <input_file_ref idref="fl-27"/>
      </object_component>
      <object_component id="oc-12e">
         <name>.text:_system_pre_init</name>
         <load_address>0xd14a</load_address>
         <run_address>0xd14a</run_address>
         <size>0x4</size>
         <input_file_ref idref="fl-46"/>
      </object_component>
      <object_component id="oc-1bf">
         <name>.const:.string</name>
         <load_address>0xd14e</load_address>
         <run_address>0xd14e</run_address>
         <size>0x24</size>
         <input_file_ref idref="fl-2"/>
      </object_component>
      <object_component id="oc-211">
         <name>.const</name>
         <load_address>0xd172</load_address>
         <run_address>0xd172</run_address>
         <size>0x1c</size>
         <input_file_ref idref="fl-2"/>
      </object_component>
      <object_component id="oc-2e6">
         <name>.binit</name>
         <load_address>0xc000</load_address>
         <run_address>0xc000</run_address>
         <size>0x0</size>
      </object_component>
      <object_component id="oc-40">
         <name>.int00</name>
         <load_address>0xffe0</load_address>
         <run_address>0xffe0</run_address>
         <size>0x2</size>
         <input_file_ref idref="fl-32"/>
      </object_component>
      <object_component id="oc-41">
         <name>.int02</name>
         <load_address>0xffe4</load_address>
         <run_address>0xffe4</run_address>
         <size>0x2</size>
         <input_file_ref idref="fl-33"/>
      </object_component>
      <object_component id="oc-42">
         <name>.int03</name>
         <load_address>0xffe6</load_address>
         <run_address>0xffe6</run_address>
         <size>0x2</size>
         <input_file_ref idref="fl-34"/>
      </object_component>
      <object_component id="oc-43">
         <name>.int05</name>
         <load_address>0xffea</load_address>
         <run_address>0xffea</run_address>
         <size>0x2</size>
         <input_file_ref idref="fl-35"/>
      </object_component>
      <object_component id="oc-44">
         <name>.int06</name>
         <load_address>0xffec</load_address>
         <run_address>0xffec</run_address>
         <size>0x2</size>
         <input_file_ref idref="fl-36"/>
      </object_component>
      <object_component id="oc-45">
         <name>.int07</name>
         <load_address>0xffee</load_address>
         <run_address>0xffee</run_address>
         <size>0x2</size>
         <input_file_ref idref="fl-2"/>
      </object_component>
      <object_component id="oc-46">
         <name>.int08</name>
         <load_address>0xfff0</load_address>
         <run_address>0xfff0</run_address>
         <size>0x2</size>
         <input_file_ref idref="fl-37"/>
      </object_component>
      <object_component id="oc-47">
         <name>.int09</name>
         <load_address>0xfff2</load_address>
         <run_address>0xfff2</run_address>
         <size>0x2</size>
         <input_file_ref idref="fl-38"/>
      </object_component>
      <object_component id="oc-48">
         <name>.int10</name>
         <load_address>0xfff4</load_address>
         <run_address>0xfff4</run_address>
         <size>0x2</size>
         <input_file_ref idref="fl-39"/>
      </object_component>
      <object_component id="oc-49">
         <name>.int11</name>
         <load_address>0xfff6</load_address>
         <run_address>0xfff6</run_address>
         <size>0x2</size>
         <input_file_ref idref="fl-3a"/>
      </object_component>
      <object_component id="oc-4a">
         <name>.int12</name>
         <load_address>0xfff8</load_address>
         <run_address>0xfff8</run_address>
         <size>0x2</size>
         <input_file_ref idref="fl-3b"/>
      </object_component>
      <object_component id="oc-4b">
         <name>.int13</name>
         <load_address>0xfffa</load_address>
         <run_address>0xfffa</run_address>
         <size>0x2</size>
         <input_file_ref idref="fl-3c"/>
      </object_component>
      <object_component id="oc-4c">
         <name>.int14</name>
         <load_address>0xfffc</load_address>
         <run_address>0xfffc</run_address>
         <size>0x2</size>
         <input_file_ref idref="fl-3d"/>
      </object_component>
      <object_component id="oc-f4">
         <name>.reset</name>
         <load_address>0xfffe</load_address>
         <run_address>0xfffe</run_address>
         <size>0x2</size>
         <input_file_ref idref="fl-1f"/>
      </object_component>
      <object_component id="oc-21f">
         <name>.debug_info</name>
         <load_address>0x0</load_address>
         <run_address>0x0</run_address>
         <size>0x3ff</size>
         <input_file_ref idref="fl-2"/>
      </object_component>
      <object_component id="oc-212">
         <name>.debug_info</name>
         <load_address>0x3ff</load_address>
         <run_address>0x3ff</run_address>
         <size>0x149</size>
         <input_file_ref idref="fl-2"/>
      </object_component>
      <object_component id="oc-1ba">
         <name>.debug_info</name>
         <load_address>0x548</load_address>
         <run_address>0x548</run_address>
         <size>0x27f</size>
         <input_file_ref idref="fl-2"/>
      </object_component>
      <object_component id="oc-1a3">
         <name>.debug_info</name>
         <load_address>0x7c7</load_address>
         <run_address>0x7c7</run_address>
         <size>0x10b</size>
         <input_file_ref idref="fl-2"/>
      </object_component>
      <object_component id="oc-1a9">
         <name>.debug_info</name>
         <load_address>0x8d2</load_address>
         <run_address>0x8d2</run_address>
         <size>0x109</size>
         <input_file_ref idref="fl-2"/>
      </object_component>
      <object_component id="oc-25c">
         <name>.debug_info</name>
         <load_address>0x9db</load_address>
         <run_address>0x9db</run_address>
         <size>0x121</size>
         <input_file_ref idref="fl-2"/>
      </object_component>
      <object_component id="oc-1cd">
         <name>.debug_info</name>
         <load_address>0xafc</load_address>
         <run_address>0xafc</run_address>
         <size>0x128</size>
         <input_file_ref idref="fl-2"/>
      </object_component>
      <object_component id="oc-268">
         <name>.debug_info</name>
         <load_address>0xc24</load_address>
         <run_address>0xc24</run_address>
         <size>0x149</size>
         <input_file_ref idref="fl-2"/>
      </object_component>
      <object_component id="oc-262">
         <name>.debug_info</name>
         <load_address>0xd6d</load_address>
         <run_address>0xd6d</run_address>
         <size>0x157</size>
         <input_file_ref idref="fl-2"/>
      </object_component>
      <object_component id="oc-1d3">
         <name>.debug_info</name>
         <load_address>0xec4</load_address>
         <run_address>0xec4</run_address>
         <size>0x23e</size>
         <input_file_ref idref="fl-2"/>
      </object_component>
      <object_component id="oc-1af">
         <name>.debug_info</name>
         <load_address>0x1102</load_address>
         <run_address>0x1102</run_address>
         <size>0x109</size>
         <input_file_ref idref="fl-2"/>
      </object_component>
      <object_component id="oc-23d">
         <name>.debug_info</name>
         <load_address>0x120b</load_address>
         <run_address>0x120b</run_address>
         <size>0x1a9</size>
         <input_file_ref idref="fl-2"/>
      </object_component>
      <object_component id="oc-221">
         <name>.debug_info</name>
         <load_address>0x13b4</load_address>
         <run_address>0x13b4</run_address>
         <size>0x131</size>
         <input_file_ref idref="fl-2"/>
      </object_component>
      <object_component id="oc-1c1">
         <name>.debug_info</name>
         <load_address>0x14e5</load_address>
         <run_address>0x14e5</run_address>
         <size>0x15f</size>
         <input_file_ref idref="fl-2"/>
      </object_component>
      <object_component id="oc-1c7">
         <name>.debug_info</name>
         <load_address>0x1644</load_address>
         <run_address>0x1644</run_address>
         <size>0x2ab</size>
         <input_file_ref idref="fl-2"/>
      </object_component>
      <object_component id="oc-122">
         <name>.debug_info</name>
         <load_address>0x18ef</load_address>
         <run_address>0x18ef</run_address>
         <size>0x109</size>
         <input_file_ref idref="fl-2"/>
      </object_component>
      <object_component id="oc-14f">
         <name>.debug_info</name>
         <load_address>0x19f8</load_address>
         <run_address>0x19f8</run_address>
         <size>0x37a</size>
         <input_file_ref idref="fl-2"/>
      </object_component>
      <object_component id="oc-10a">
         <name>.debug_info</name>
         <load_address>0x1d72</load_address>
         <run_address>0x1d72</run_address>
         <size>0x84</size>
         <input_file_ref idref="fl-2"/>
      </object_component>
      <object_component id="oc-2ab">
         <name>.debug_info</name>
         <load_address>0x1df6</load_address>
         <run_address>0x1df6</run_address>
         <size>0x206</size>
         <input_file_ref idref="fl-1d"/>
      </object_component>
      <object_component id="oc-24e">
         <name>.debug_info</name>
         <load_address>0x1ffc</load_address>
         <run_address>0x1ffc</run_address>
         <size>0x253</size>
         <input_file_ref idref="fl-1d"/>
      </object_component>
      <object_component id="oc-2a6">
         <name>.debug_info</name>
         <load_address>0x224f</load_address>
         <run_address>0x224f</run_address>
         <size>0x94</size>
         <input_file_ref idref="fl-1d"/>
      </object_component>
      <object_component id="oc-28f">
         <name>.debug_info</name>
         <load_address>0x22e3</load_address>
         <run_address>0x22e3</run_address>
         <size>0x118</size>
         <input_file_ref idref="fl-1e"/>
      </object_component>
      <object_component id="oc-f2">
         <name>.debug_info</name>
         <load_address>0x23fb</load_address>
         <run_address>0x23fb</run_address>
         <size>0xf5</size>
         <input_file_ref idref="fl-1f"/>
      </object_component>
      <object_component id="oc-85">
         <name>.debug_info</name>
         <load_address>0x24f0</load_address>
         <run_address>0x24f0</run_address>
         <size>0x193</size>
         <input_file_ref idref="fl-20"/>
      </object_component>
      <object_component id="oc-16f">
         <name>.debug_info</name>
         <load_address>0x2683</load_address>
         <run_address>0x2683</run_address>
         <size>0x2c</size>
         <input_file_ref idref="fl-23"/>
      </object_component>
      <object_component id="oc-299">
         <name>.debug_info</name>
         <load_address>0x26af</load_address>
         <run_address>0x26af</run_address>
         <size>0x1e7</size>
         <input_file_ref idref="fl-24"/>
      </object_component>
      <object_component id="oc-248">
         <name>.debug_info</name>
         <load_address>0x2896</load_address>
         <run_address>0x2896</run_address>
         <size>0x1c4</size>
         <input_file_ref idref="fl-24"/>
      </object_component>
      <object_component id="oc-29a">
         <name>.debug_info</name>
         <load_address>0x2a5a</load_address>
         <run_address>0x2a5a</run_address>
         <size>0xdb</size>
         <input_file_ref idref="fl-24"/>
      </object_component>
      <object_component id="oc-28a">
         <name>.debug_info</name>
         <load_address>0x2b35</load_address>
         <run_address>0x2b35</run_address>
         <size>0x11b</size>
         <input_file_ref idref="fl-25"/>
      </object_component>
      <object_component id="oc-102">
         <name>.debug_info</name>
         <load_address>0x2c50</load_address>
         <run_address>0x2c50</run_address>
         <size>0x126</size>
         <input_file_ref idref="fl-26"/>
      </object_component>
      <object_component id="oc-157">
         <name>.debug_info</name>
         <load_address>0x2d76</load_address>
         <run_address>0x2d76</run_address>
         <size>0x117</size>
         <input_file_ref idref="fl-27"/>
      </object_component>
      <object_component id="oc-256">
         <name>.debug_info</name>
         <load_address>0x2e8d</load_address>
         <run_address>0x2e8d</run_address>
         <size>0x1b5</size>
         <input_file_ref idref="fl-29"/>
      </object_component>
      <object_component id="oc-2d2">
         <name>.debug_info</name>
         <load_address>0x3042</load_address>
         <run_address>0x3042</run_address>
         <size>0x1ff</size>
         <input_file_ref idref="fl-2a"/>
      </object_component>
      <object_component id="oc-2a1">
         <name>.debug_info</name>
         <load_address>0x3241</load_address>
         <run_address>0x3241</run_address>
         <size>0x31e</size>
         <input_file_ref idref="fl-2a"/>
      </object_component>
      <object_component id="oc-21a">
         <name>.debug_info</name>
         <load_address>0x355f</load_address>
         <run_address>0x355f</run_address>
         <size>0x119</size>
         <input_file_ref idref="fl-2b"/>
      </object_component>
      <object_component id="oc-22e">
         <name>.debug_info</name>
         <load_address>0x3678</load_address>
         <run_address>0x3678</run_address>
         <size>0x125</size>
         <input_file_ref idref="fl-2c"/>
      </object_component>
      <object_component id="oc-215">
         <name>.debug_info</name>
         <load_address>0x379d</load_address>
         <run_address>0x379d</run_address>
         <size>0x119</size>
         <input_file_ref idref="fl-2d"/>
      </object_component>
      <object_component id="oc-233">
         <name>.debug_info</name>
         <load_address>0x38b6</load_address>
         <run_address>0x38b6</run_address>
         <size>0x119</size>
         <input_file_ref idref="fl-2e"/>
      </object_component>
      <object_component id="oc-238">
         <name>.debug_info</name>
         <load_address>0x39cf</load_address>
         <run_address>0x39cf</run_address>
         <size>0x12a</size>
         <input_file_ref idref="fl-2f"/>
      </object_component>
      <object_component id="oc-244">
         <name>.debug_info</name>
         <load_address>0x3af9</load_address>
         <run_address>0x3af9</run_address>
         <size>0x11f</size>
         <input_file_ref idref="fl-30"/>
      </object_component>
      <object_component id="oc-1b6">
         <name>.debug_info</name>
         <load_address>0x3c18</load_address>
         <run_address>0x3c18</run_address>
         <size>0x11c</size>
         <input_file_ref idref="fl-31"/>
      </object_component>
      <object_component id="oc-11f">
         <name>.debug_info</name>
         <load_address>0x3d34</load_address>
         <run_address>0x3d34</run_address>
         <size>0x107</size>
         <input_file_ref idref="fl-3e"/>
      </object_component>
      <object_component id="oc-f8">
         <name>.debug_info</name>
         <load_address>0x3e3b</load_address>
         <run_address>0x3e3b</run_address>
         <size>0x118</size>
         <input_file_ref idref="fl-3f"/>
      </object_component>
      <object_component id="oc-2c3">
         <name>.debug_info</name>
         <load_address>0x3f53</load_address>
         <run_address>0x3f53</run_address>
         <size>0x118</size>
         <input_file_ref idref="fl-40"/>
      </object_component>
      <object_component id="oc-2ad">
         <name>.debug_info</name>
         <load_address>0x406b</load_address>
         <run_address>0x406b</run_address>
         <size>0x11e</size>
         <input_file_ref idref="fl-40"/>
      </object_component>
      <object_component id="oc-fb">
         <name>.debug_info</name>
         <load_address>0x4189</load_address>
         <run_address>0x4189</run_address>
         <size>0x118</size>
         <input_file_ref idref="fl-41"/>
      </object_component>
      <object_component id="oc-2b2">
         <name>.debug_info</name>
         <load_address>0x42a1</load_address>
         <run_address>0x42a1</run_address>
         <size>0x118</size>
         <input_file_ref idref="fl-42"/>
      </object_component>
      <object_component id="oc-2da">
         <name>.debug_info</name>
         <load_address>0x43b9</load_address>
         <run_address>0x43b9</run_address>
         <size>0x11e</size>
         <input_file_ref idref="fl-42"/>
      </object_component>
      <object_component id="oc-12f">
         <name>.debug_info</name>
         <load_address>0x44d7</load_address>
         <run_address>0x44d7</run_address>
         <size>0x148</size>
         <input_file_ref idref="fl-46"/>
      </object_component>
      <object_component id="oc-2df">
         <name>.debug_info</name>
         <load_address>0x461f</load_address>
         <run_address>0x461f</run_address>
         <size>0x1d1</size>
         <input_file_ref idref="fl-47"/>
      </object_component>
      <object_component id="oc-2cc">
         <name>.debug_info</name>
         <load_address>0x47f0</load_address>
         <run_address>0x47f0</run_address>
         <size>0x1ee</size>
         <input_file_ref idref="fl-47"/>
      </object_component>
      <object_component id="oc-283">
         <name>.debug_info</name>
         <load_address>0x49de</load_address>
         <run_address>0x49de</run_address>
         <size>0x157</size>
         <input_file_ref idref="fl-48"/>
      </object_component>
      <object_component id="oc-22a">
         <name>.debug_info</name>
         <load_address>0x4b35</load_address>
         <run_address>0x4b35</run_address>
         <size>0x215</size>
         <input_file_ref idref="fl-48"/>
      </object_component>
      <object_component id="oc-2c7">
         <name>.debug_info</name>
         <load_address>0x4d4a</load_address>
         <run_address>0x4d4a</run_address>
         <size>0x118</size>
         <input_file_ref idref="fl-4b"/>
      </object_component>
      <object_component id="oc-295">
         <name>.debug_info</name>
         <load_address>0x4e62</load_address>
         <run_address>0x4e62</run_address>
         <size>0x11e</size>
         <input_file_ref idref="fl-4b"/>
      </object_component>
      <object_component id="oc-31e">
         <name>.debug_info</name>
         <load_address>0x4f80</load_address>
         <run_address>0x4f80</run_address>
         <size>0xa9</size>
      </object_component>
      <object_component id="oc-280">
         <name>.debug_line</name>
         <load_address>0x0</load_address>
         <run_address>0x0</run_address>
         <size>0xae</size>
         <input_file_ref idref="fl-2"/>
      </object_component>
      <object_component id="oc-27c">
         <name>.debug_line</name>
         <load_address>0xae</load_address>
         <run_address>0xae</run_address>
         <size>0x2d</size>
         <input_file_ref idref="fl-2"/>
      </object_component>
      <object_component id="oc-1bd">
         <name>.debug_line</name>
         <load_address>0xdb</load_address>
         <run_address>0xdb</run_address>
         <size>0x43</size>
         <input_file_ref idref="fl-2"/>
      </object_component>
      <object_component id="oc-1a6">
         <name>.debug_line</name>
         <load_address>0x11e</load_address>
         <run_address>0x11e</run_address>
         <size>0x47</size>
         <input_file_ref idref="fl-2"/>
      </object_component>
      <object_component id="oc-1ac">
         <name>.debug_line</name>
         <load_address>0x165</load_address>
         <run_address>0x165</run_address>
         <size>0x44</size>
         <input_file_ref idref="fl-2"/>
      </object_component>
      <object_component id="oc-25f">
         <name>.debug_line</name>
         <load_address>0x1a9</load_address>
         <run_address>0x1a9</run_address>
         <size>0x54</size>
         <input_file_ref idref="fl-2"/>
      </object_component>
      <object_component id="oc-1d0">
         <name>.debug_line</name>
         <load_address>0x1fd</load_address>
         <run_address>0x1fd</run_address>
         <size>0x4f</size>
         <input_file_ref idref="fl-2"/>
      </object_component>
      <object_component id="oc-26b">
         <name>.debug_line</name>
         <load_address>0x24c</load_address>
         <run_address>0x24c</run_address>
         <size>0x6a</size>
         <input_file_ref idref="fl-2"/>
      </object_component>
      <object_component id="oc-265">
         <name>.debug_line</name>
         <load_address>0x2b6</load_address>
         <run_address>0x2b6</run_address>
         <size>0x64</size>
         <input_file_ref idref="fl-2"/>
      </object_component>
      <object_component id="oc-1d6">
         <name>.debug_line</name>
         <load_address>0x31a</load_address>
         <run_address>0x31a</run_address>
         <size>0x62</size>
         <input_file_ref idref="fl-2"/>
      </object_component>
      <object_component id="oc-1b2">
         <name>.debug_line</name>
         <load_address>0x37c</load_address>
         <run_address>0x37c</run_address>
         <size>0x4a</size>
         <input_file_ref idref="fl-2"/>
      </object_component>
      <object_component id="oc-240">
         <name>.debug_line</name>
         <load_address>0x3c6</load_address>
         <run_address>0x3c6</run_address>
         <size>0x59</size>
         <input_file_ref idref="fl-2"/>
      </object_component>
      <object_component id="oc-224">
         <name>.debug_line</name>
         <load_address>0x41f</load_address>
         <run_address>0x41f</run_address>
         <size>0x46</size>
         <input_file_ref idref="fl-2"/>
      </object_component>
      <object_component id="oc-1c4">
         <name>.debug_line</name>
         <load_address>0x465</load_address>
         <run_address>0x465</run_address>
         <size>0x4c</size>
         <input_file_ref idref="fl-2"/>
      </object_component>
      <object_component id="oc-1ca">
         <name>.debug_line</name>
         <load_address>0x4b1</load_address>
         <run_address>0x4b1</run_address>
         <size>0x58</size>
         <input_file_ref idref="fl-2"/>
      </object_component>
      <object_component id="oc-125">
         <name>.debug_line</name>
         <load_address>0x509</load_address>
         <run_address>0x509</run_address>
         <size>0x49</size>
         <input_file_ref idref="fl-2"/>
      </object_component>
      <object_component id="oc-152">
         <name>.debug_line</name>
         <load_address>0x552</load_address>
         <run_address>0x552</run_address>
         <size>0x65</size>
         <input_file_ref idref="fl-2"/>
      </object_component>
      <object_component id="oc-10d">
         <name>.debug_line</name>
         <load_address>0x5b7</load_address>
         <run_address>0x5b7</run_address>
         <size>0x20</size>
         <input_file_ref idref="fl-2"/>
      </object_component>
      <object_component id="oc-2d4">
         <name>.debug_line</name>
         <load_address>0x5d7</load_address>
         <run_address>0x5d7</run_address>
         <size>0x2d</size>
         <input_file_ref idref="fl-1d"/>
      </object_component>
      <object_component id="oc-251">
         <name>.debug_line</name>
         <load_address>0x604</load_address>
         <run_address>0x604</run_address>
         <size>0xcb</size>
         <input_file_ref idref="fl-1d"/>
      </object_component>
      <object_component id="oc-2a9">
         <name>.debug_line</name>
         <load_address>0x6cf</load_address>
         <run_address>0x6cf</run_address>
         <size>0x2e</size>
         <input_file_ref idref="fl-1d"/>
      </object_component>
      <object_component id="oc-292">
         <name>.debug_line</name>
         <load_address>0x6fd</load_address>
         <run_address>0x6fd</run_address>
         <size>0x4e</size>
         <input_file_ref idref="fl-1e"/>
      </object_component>
      <object_component id="oc-163">
         <name>.debug_line</name>
         <load_address>0x74b</load_address>
         <run_address>0x74b</run_address>
         <size>0x2a</size>
         <input_file_ref idref="fl-1f"/>
      </object_component>
      <object_component id="oc-88">
         <name>.debug_line</name>
         <load_address>0x775</load_address>
         <run_address>0x775</run_address>
         <size>0x47</size>
         <input_file_ref idref="fl-20"/>
      </object_component>
      <object_component id="oc-172">
         <name>.debug_line</name>
         <load_address>0x7bc</load_address>
         <run_address>0x7bc</run_address>
         <size>0x8a</size>
         <input_file_ref idref="fl-23"/>
      </object_component>
      <object_component id="oc-2c0">
         <name>.debug_line</name>
         <load_address>0x846</load_address>
         <run_address>0x846</run_address>
         <size>0x20</size>
         <input_file_ref idref="fl-24"/>
      </object_component>
      <object_component id="oc-24b">
         <name>.debug_line</name>
         <load_address>0x866</load_address>
         <run_address>0x866</run_address>
         <size>0x57</size>
         <input_file_ref idref="fl-24"/>
      </object_component>
      <object_component id="oc-29d">
         <name>.debug_line</name>
         <load_address>0x8bd</load_address>
         <run_address>0x8bd</run_address>
         <size>0x2e</size>
         <input_file_ref idref="fl-24"/>
      </object_component>
      <object_component id="oc-288">
         <name>.debug_line</name>
         <load_address>0x8eb</load_address>
         <run_address>0x8eb</run_address>
         <size>0x64</size>
         <input_file_ref idref="fl-25"/>
      </object_component>
      <object_component id="oc-101">
         <name>.debug_line</name>
         <load_address>0x94f</load_address>
         <run_address>0x94f</run_address>
         <size>0x40</size>
         <input_file_ref idref="fl-26"/>
      </object_component>
      <object_component id="oc-15b">
         <name>.debug_line</name>
         <load_address>0x98f</load_address>
         <run_address>0x98f</run_address>
         <size>0x3d</size>
         <input_file_ref idref="fl-27"/>
      </object_component>
      <object_component id="oc-254">
         <name>.debug_line</name>
         <load_address>0x9cc</load_address>
         <run_address>0x9cc</run_address>
         <size>0x5a</size>
         <input_file_ref idref="fl-29"/>
      </object_component>
      <object_component id="oc-2e1">
         <name>.debug_line</name>
         <load_address>0xa26</load_address>
         <run_address>0xa26</run_address>
         <size>0x2d</size>
         <input_file_ref idref="fl-2a"/>
      </object_component>
      <object_component id="oc-2a3">
         <name>.debug_line</name>
         <load_address>0xa53</load_address>
         <run_address>0xa53</run_address>
         <size>0xfd</size>
         <input_file_ref idref="fl-2a"/>
      </object_component>
      <object_component id="oc-21d">
         <name>.debug_line</name>
         <load_address>0xb50</load_address>
         <run_address>0xb50</run_address>
         <size>0xbb</size>
         <input_file_ref idref="fl-2b"/>
      </object_component>
      <object_component id="oc-231">
         <name>.debug_line</name>
         <load_address>0xc0b</load_address>
         <run_address>0xc0b</run_address>
         <size>0x5e</size>
         <input_file_ref idref="fl-2c"/>
      </object_component>
      <object_component id="oc-218">
         <name>.debug_line</name>
         <load_address>0xc69</load_address>
         <run_address>0xc69</run_address>
         <size>0x94</size>
         <input_file_ref idref="fl-2d"/>
      </object_component>
      <object_component id="oc-236">
         <name>.debug_line</name>
         <load_address>0xcfd</load_address>
         <run_address>0xcfd</run_address>
         <size>0x3f</size>
         <input_file_ref idref="fl-2e"/>
      </object_component>
      <object_component id="oc-23b">
         <name>.debug_line</name>
         <load_address>0xd3c</load_address>
         <run_address>0xd3c</run_address>
         <size>0x5d</size>
         <input_file_ref idref="fl-2f"/>
      </object_component>
      <object_component id="oc-243">
         <name>.debug_line</name>
         <load_address>0xd99</load_address>
         <run_address>0xd99</run_address>
         <size>0x54</size>
         <input_file_ref idref="fl-30"/>
      </object_component>
      <object_component id="oc-1b5">
         <name>.debug_line</name>
         <load_address>0xded</load_address>
         <run_address>0xded</run_address>
         <size>0x4d</size>
         <input_file_ref idref="fl-31"/>
      </object_component>
      <object_component id="oc-11e">
         <name>.debug_line</name>
         <load_address>0xe3a</load_address>
         <run_address>0xe3a</run_address>
         <size>0x3d</size>
         <input_file_ref idref="fl-3e"/>
      </object_component>
      <object_component id="oc-f7">
         <name>.debug_line</name>
         <load_address>0xe77</load_address>
         <run_address>0xe77</run_address>
         <size>0x4e</size>
         <input_file_ref idref="fl-3f"/>
      </object_component>
      <object_component id="oc-2c2">
         <name>.debug_line</name>
         <load_address>0xec5</load_address>
         <run_address>0xec5</run_address>
         <size>0x3e</size>
         <input_file_ref idref="fl-40"/>
      </object_component>
      <object_component id="oc-2b0">
         <name>.debug_line</name>
         <load_address>0xf03</load_address>
         <run_address>0xf03</run_address>
         <size>0x56</size>
         <input_file_ref idref="fl-40"/>
      </object_component>
      <object_component id="oc-fe">
         <name>.debug_line</name>
         <load_address>0xf59</load_address>
         <run_address>0xf59</run_address>
         <size>0x5e</size>
         <input_file_ref idref="fl-41"/>
      </object_component>
      <object_component id="oc-2b5">
         <name>.debug_line</name>
         <load_address>0xfb7</load_address>
         <run_address>0xfb7</run_address>
         <size>0x42</size>
         <input_file_ref idref="fl-42"/>
      </object_component>
      <object_component id="oc-2dd">
         <name>.debug_line</name>
         <load_address>0xff9</load_address>
         <run_address>0xff9</run_address>
         <size>0x65</size>
         <input_file_ref idref="fl-42"/>
      </object_component>
      <object_component id="oc-132">
         <name>.debug_line</name>
         <load_address>0x105e</load_address>
         <run_address>0x105e</run_address>
         <size>0x3e</size>
         <input_file_ref idref="fl-46"/>
      </object_component>
      <object_component id="oc-2e4">
         <name>.debug_line</name>
         <load_address>0x109c</load_address>
         <run_address>0x109c</run_address>
         <size>0x20</size>
         <input_file_ref idref="fl-47"/>
      </object_component>
      <object_component id="oc-2cf">
         <name>.debug_line</name>
         <load_address>0x10bc</load_address>
         <run_address>0x10bc</run_address>
         <size>0x82</size>
         <input_file_ref idref="fl-47"/>
      </object_component>
      <object_component id="oc-2bb">
         <name>.debug_line</name>
         <load_address>0x113e</load_address>
         <run_address>0x113e</run_address>
         <size>0x20</size>
         <input_file_ref idref="fl-48"/>
      </object_component>
      <object_component id="oc-228">
         <name>.debug_line</name>
         <load_address>0x115e</load_address>
         <run_address>0x115e</run_address>
         <size>0xa4</size>
         <input_file_ref idref="fl-48"/>
      </object_component>
      <object_component id="oc-2ca">
         <name>.debug_line</name>
         <load_address>0x1202</load_address>
         <run_address>0x1202</run_address>
         <size>0x3e</size>
         <input_file_ref idref="fl-4b"/>
      </object_component>
      <object_component id="oc-294">
         <name>.debug_line</name>
         <load_address>0x1240</load_address>
         <run_address>0x1240</run_address>
         <size>0x56</size>
         <input_file_ref idref="fl-4b"/>
      </object_component>
      <object_component id="oc-1be">
         <name>.debug_frame</name>
         <load_address>0x0</load_address>
         <run_address>0x0</run_address>
         <size>0x53</size>
         <input_file_ref idref="fl-2"/>
      </object_component>
      <object_component id="oc-1a7">
         <name>.debug_frame</name>
         <load_address>0x53</load_address>
         <run_address>0x53</run_address>
         <size>0x39</size>
         <input_file_ref idref="fl-2"/>
      </object_component>
      <object_component id="oc-1ad">
         <name>.debug_frame</name>
         <load_address>0x8c</load_address>
         <run_address>0x8c</run_address>
         <size>0x39</size>
         <input_file_ref idref="fl-2"/>
      </object_component>
      <object_component id="oc-260">
         <name>.debug_frame</name>
         <load_address>0xc5</load_address>
         <run_address>0xc5</run_address>
         <size>0x39</size>
         <input_file_ref idref="fl-2"/>
      </object_component>
      <object_component id="oc-1d1">
         <name>.debug_frame</name>
         <load_address>0xfe</load_address>
         <run_address>0xfe</run_address>
         <size>0x39</size>
         <input_file_ref idref="fl-2"/>
      </object_component>
      <object_component id="oc-26c">
         <name>.debug_frame</name>
         <load_address>0x137</load_address>
         <run_address>0x137</run_address>
         <size>0x39</size>
         <input_file_ref idref="fl-2"/>
      </object_component>
      <object_component id="oc-266">
         <name>.debug_frame</name>
         <load_address>0x170</load_address>
         <run_address>0x170</run_address>
         <size>0x39</size>
         <input_file_ref idref="fl-2"/>
      </object_component>
      <object_component id="oc-1d7">
         <name>.debug_frame</name>
         <load_address>0x1a9</load_address>
         <run_address>0x1a9</run_address>
         <size>0x42</size>
         <input_file_ref idref="fl-2"/>
      </object_component>
      <object_component id="oc-1b3">
         <name>.debug_frame</name>
         <load_address>0x1eb</load_address>
         <run_address>0x1eb</run_address>
         <size>0x39</size>
         <input_file_ref idref="fl-2"/>
      </object_component>
      <object_component id="oc-241">
         <name>.debug_frame</name>
         <load_address>0x224</load_address>
         <run_address>0x224</run_address>
         <size>0x4e</size>
         <input_file_ref idref="fl-2"/>
      </object_component>
      <object_component id="oc-225">
         <name>.debug_frame</name>
         <load_address>0x272</load_address>
         <run_address>0x272</run_address>
         <size>0x39</size>
         <input_file_ref idref="fl-2"/>
      </object_component>
      <object_component id="oc-1c5">
         <name>.debug_frame</name>
         <load_address>0x2ab</load_address>
         <run_address>0x2ab</run_address>
         <size>0x43</size>
         <input_file_ref idref="fl-2"/>
      </object_component>
      <object_component id="oc-1cb">
         <name>.debug_frame</name>
         <load_address>0x2ee</load_address>
         <run_address>0x2ee</run_address>
         <size>0x53</size>
         <input_file_ref idref="fl-2"/>
      </object_component>
      <object_component id="oc-126">
         <name>.debug_frame</name>
         <load_address>0x341</load_address>
         <run_address>0x341</run_address>
         <size>0x39</size>
         <input_file_ref idref="fl-2"/>
      </object_component>
      <object_component id="oc-153">
         <name>.debug_frame</name>
         <load_address>0x37a</load_address>
         <run_address>0x37a</run_address>
         <size>0x47</size>
         <input_file_ref idref="fl-2"/>
      </object_component>
      <object_component id="oc-252">
         <name>.debug_frame</name>
         <load_address>0x3c1</load_address>
         <run_address>0x3c1</run_address>
         <size>0x65</size>
         <input_file_ref idref="fl-1d"/>
      </object_component>
      <object_component id="oc-84">
         <name>.debug_frame</name>
         <load_address>0x426</load_address>
         <run_address>0x426</run_address>
         <size>0x34</size>
         <input_file_ref idref="fl-20"/>
      </object_component>
      <object_component id="oc-24c">
         <name>.debug_frame</name>
         <load_address>0x45a</load_address>
         <run_address>0x45a</run_address>
         <size>0x48</size>
         <input_file_ref idref="fl-24"/>
      </object_component>
      <object_component id="oc-15a">
         <name>.debug_frame</name>
         <load_address>0x4a2</load_address>
         <run_address>0x4a2</run_address>
         <size>0x39</size>
         <input_file_ref idref="fl-27"/>
      </object_component>
      <object_component id="oc-255">
         <name>.debug_frame</name>
         <load_address>0x4db</load_address>
         <run_address>0x4db</run_address>
         <size>0x42</size>
         <input_file_ref idref="fl-29"/>
      </object_component>
      <object_component id="oc-2a4">
         <name>.debug_frame</name>
         <load_address>0x51d</load_address>
         <run_address>0x51d</run_address>
         <size>0x64</size>
         <input_file_ref idref="fl-2a"/>
      </object_component>
      <object_component id="oc-133">
         <name>.debug_frame</name>
         <load_address>0x581</load_address>
         <run_address>0x581</run_address>
         <size>0x39</size>
         <input_file_ref idref="fl-46"/>
      </object_component>
      <object_component id="oc-2d0">
         <name>.debug_frame</name>
         <load_address>0x5ba</load_address>
         <run_address>0x5ba</run_address>
         <size>0x57</size>
         <input_file_ref idref="fl-47"/>
      </object_component>
      <object_component id="oc-229">
         <name>.debug_frame</name>
         <load_address>0x611</load_address>
         <run_address>0x611</run_address>
         <size>0x39</size>
         <input_file_ref idref="fl-48"/>
      </object_component>
      <object_component id="oc-27f">
         <name>.debug_abbrev</name>
         <load_address>0x0</load_address>
         <run_address>0x0</run_address>
         <size>0xbe</size>
         <input_file_ref idref="fl-2"/>
      </object_component>
      <object_component id="oc-27b">
         <name>.debug_abbrev</name>
         <load_address>0xbe</load_address>
         <run_address>0xbe</run_address>
         <size>0x29</size>
         <input_file_ref idref="fl-2"/>
      </object_component>
      <object_component id="oc-21e">
         <name>.debug_abbrev</name>
         <load_address>0xe7</load_address>
         <run_address>0xe7</run_address>
         <size>0x7a</size>
         <input_file_ref idref="fl-2"/>
      </object_component>
      <object_component id="oc-20d">
         <name>.debug_abbrev</name>
         <load_address>0x161</load_address>
         <run_address>0x161</run_address>
         <size>0x50</size>
         <input_file_ref idref="fl-2"/>
      </object_component>
      <object_component id="oc-20e">
         <name>.debug_abbrev</name>
         <load_address>0x1b1</load_address>
         <run_address>0x1b1</run_address>
         <size>0x50</size>
         <input_file_ref idref="fl-2"/>
      </object_component>
      <object_component id="oc-2b7">
         <name>.debug_abbrev</name>
         <load_address>0x201</load_address>
         <run_address>0x201</run_address>
         <size>0x50</size>
         <input_file_ref idref="fl-2"/>
      </object_component>
      <object_component id="oc-25a">
         <name>.debug_abbrev</name>
         <load_address>0x251</load_address>
         <run_address>0x251</run_address>
         <size>0x5e</size>
         <input_file_ref idref="fl-2"/>
      </object_component>
      <object_component id="oc-2b9">
         <name>.debug_abbrev</name>
         <load_address>0x2af</load_address>
         <run_address>0x2af</run_address>
         <size>0x6e</size>
         <input_file_ref idref="fl-2"/>
      </object_component>
      <object_component id="oc-2b8">
         <name>.debug_abbrev</name>
         <load_address>0x31d</load_address>
         <run_address>0x31d</run_address>
         <size>0x6e</size>
         <input_file_ref idref="fl-2"/>
      </object_component>
      <object_component id="oc-26d">
         <name>.debug_abbrev</name>
         <load_address>0x38b</load_address>
         <run_address>0x38b</run_address>
         <size>0x7c</size>
         <input_file_ref idref="fl-2"/>
      </object_component>
      <object_component id="oc-20f">
         <name>.debug_abbrev</name>
         <load_address>0x407</load_address>
         <run_address>0x407</run_address>
         <size>0x50</size>
         <input_file_ref idref="fl-2"/>
      </object_component>
      <object_component id="oc-28c">
         <name>.debug_abbrev</name>
         <load_address>0x457</load_address>
         <run_address>0x457</run_address>
         <size>0x7a</size>
         <input_file_ref idref="fl-2"/>
      </object_component>
      <object_component id="oc-281">
         <name>.debug_abbrev</name>
         <load_address>0x4d1</load_address>
         <run_address>0x4d1</run_address>
         <size>0x6c</size>
         <input_file_ref idref="fl-2"/>
      </object_component>
      <object_component id="oc-22c">
         <name>.debug_abbrev</name>
         <load_address>0x53d</load_address>
         <run_address>0x53d</run_address>
         <size>0x7a</size>
         <input_file_ref idref="fl-2"/>
      </object_component>
      <object_component id="oc-259">
         <name>.debug_abbrev</name>
         <load_address>0x5b7</load_address>
         <run_address>0x5b7</run_address>
         <size>0x7a</size>
         <input_file_ref idref="fl-2"/>
      </object_component>
      <object_component id="oc-17c">
         <name>.debug_abbrev</name>
         <load_address>0x631</load_address>
         <run_address>0x631</run_address>
         <size>0x53</size>
         <input_file_ref idref="fl-2"/>
      </object_component>
      <object_component id="oc-1d8">
         <name>.debug_abbrev</name>
         <load_address>0x684</load_address>
         <run_address>0x684</run_address>
         <size>0x60</size>
         <input_file_ref idref="fl-2"/>
      </object_component>
      <object_component id="oc-10c">
         <name>.debug_abbrev</name>
         <load_address>0x6e4</load_address>
         <run_address>0x6e4</run_address>
         <size>0x1f</size>
         <input_file_ref idref="fl-2"/>
      </object_component>
      <object_component id="oc-2d3">
         <name>.debug_abbrev</name>
         <load_address>0x703</load_address>
         <run_address>0x703</run_address>
         <size>0x66</size>
         <input_file_ref idref="fl-1d"/>
      </object_component>
      <object_component id="oc-2a5">
         <name>.debug_abbrev</name>
         <load_address>0x769</load_address>
         <run_address>0x769</run_address>
         <size>0x7f</size>
         <input_file_ref idref="fl-1d"/>
      </object_component>
      <object_component id="oc-2a8">
         <name>.debug_abbrev</name>
         <load_address>0x7e8</load_address>
         <run_address>0x7e8</run_address>
         <size>0x70</size>
         <input_file_ref idref="fl-1d"/>
      </object_component>
      <object_component id="oc-2bd">
         <name>.debug_abbrev</name>
         <load_address>0x858</load_address>
         <run_address>0x858</run_address>
         <size>0x3c</size>
         <input_file_ref idref="fl-1e"/>
      </object_component>
      <object_component id="oc-162">
         <name>.debug_abbrev</name>
         <load_address>0x894</load_address>
         <run_address>0x894</run_address>
         <size>0x29</size>
         <input_file_ref idref="fl-1f"/>
      </object_component>
      <object_component id="oc-160">
         <name>.debug_abbrev</name>
         <load_address>0x8bd</load_address>
         <run_address>0x8bd</run_address>
         <size>0x58</size>
         <input_file_ref idref="fl-20"/>
      </object_component>
      <object_component id="oc-171">
         <name>.debug_abbrev</name>
         <load_address>0x915</load_address>
         <run_address>0x915</run_address>
         <size>0x24</size>
         <input_file_ref idref="fl-23"/>
      </object_component>
      <object_component id="oc-2bf">
         <name>.debug_abbrev</name>
         <load_address>0x939</load_address>
         <run_address>0x939</run_address>
         <size>0x50</size>
         <input_file_ref idref="fl-24"/>
      </object_component>
      <object_component id="oc-298">
         <name>.debug_abbrev</name>
         <load_address>0x989</load_address>
         <run_address>0x989</run_address>
         <size>0x7f</size>
         <input_file_ref idref="fl-24"/>
      </object_component>
      <object_component id="oc-29c">
         <name>.debug_abbrev</name>
         <load_address>0xa08</load_address>
         <run_address>0xa08</run_address>
         <size>0xa8</size>
         <input_file_ref idref="fl-24"/>
      </object_component>
      <object_component id="oc-2bc">
         <name>.debug_abbrev</name>
         <load_address>0xab0</load_address>
         <run_address>0xab0</run_address>
         <size>0x3c</size>
         <input_file_ref idref="fl-25"/>
      </object_component>
      <object_component id="oc-166">
         <name>.debug_abbrev</name>
         <load_address>0xaec</load_address>
         <run_address>0xaec</run_address>
         <size>0x3a</size>
         <input_file_ref idref="fl-26"/>
      </object_component>
      <object_component id="oc-1d9">
         <name>.debug_abbrev</name>
         <load_address>0xb26</load_address>
         <run_address>0xb26</run_address>
         <size>0x45</size>
         <input_file_ref idref="fl-27"/>
      </object_component>
      <object_component id="oc-2b6">
         <name>.debug_abbrev</name>
         <load_address>0xb6b</load_address>
         <run_address>0xb6b</run_address>
         <size>0x7f</size>
         <input_file_ref idref="fl-29"/>
      </object_component>
      <object_component id="oc-2e0">
         <name>.debug_abbrev</name>
         <load_address>0xbea</load_address>
         <run_address>0xbea</run_address>
         <size>0x66</size>
         <input_file_ref idref="fl-2a"/>
      </object_component>
      <object_component id="oc-2d1">
         <name>.debug_abbrev</name>
         <load_address>0xc50</load_address>
         <run_address>0xc50</run_address>
         <size>0x7f</size>
         <input_file_ref idref="fl-2a"/>
      </object_component>
      <object_component id="oc-27e">
         <name>.debug_abbrev</name>
         <load_address>0xccf</load_address>
         <run_address>0xccf</run_address>
         <size>0x3c</size>
         <input_file_ref idref="fl-2b"/>
      </object_component>
      <object_component id="oc-284">
         <name>.debug_abbrev</name>
         <load_address>0xd0b</load_address>
         <run_address>0xd0b</run_address>
         <size>0x3c</size>
         <input_file_ref idref="fl-2c"/>
      </object_component>
      <object_component id="oc-27d">
         <name>.debug_abbrev</name>
         <load_address>0xd47</load_address>
         <run_address>0xd47</run_address>
         <size>0x3c</size>
         <input_file_ref idref="fl-2d"/>
      </object_component>
      <object_component id="oc-285">
         <name>.debug_abbrev</name>
         <load_address>0xd83</load_address>
         <run_address>0xd83</run_address>
         <size>0x3c</size>
         <input_file_ref idref="fl-2e"/>
      </object_component>
      <object_component id="oc-286">
         <name>.debug_abbrev</name>
         <load_address>0xdbf</load_address>
         <run_address>0xdbf</run_address>
         <size>0x3c</size>
         <input_file_ref idref="fl-2f"/>
      </object_component>
      <object_component id="oc-28d">
         <name>.debug_abbrev</name>
         <load_address>0xdfb</load_address>
         <run_address>0xdfb</run_address>
         <size>0x3c</size>
         <input_file_ref idref="fl-30"/>
      </object_component>
      <object_component id="oc-210">
         <name>.debug_abbrev</name>
         <load_address>0xe37</load_address>
         <run_address>0xe37</run_address>
         <size>0x3c</size>
         <input_file_ref idref="fl-31"/>
      </object_component>
      <object_component id="oc-17b">
         <name>.debug_abbrev</name>
         <load_address>0xe73</load_address>
         <run_address>0xe73</run_address>
         <size>0x28</size>
         <input_file_ref idref="fl-3e"/>
      </object_component>
      <object_component id="oc-164">
         <name>.debug_abbrev</name>
         <load_address>0xe9b</load_address>
         <run_address>0xe9b</run_address>
         <size>0x3c</size>
         <input_file_ref idref="fl-3f"/>
      </object_component>
      <object_component id="oc-2d7">
         <name>.debug_abbrev</name>
         <load_address>0xed7</load_address>
         <run_address>0xed7</run_address>
         <size>0x3c</size>
         <input_file_ref idref="fl-40"/>
      </object_component>
      <object_component id="oc-2d5">
         <name>.debug_abbrev</name>
         <load_address>0xf13</load_address>
         <run_address>0xf13</run_address>
         <size>0x3c</size>
         <input_file_ref idref="fl-40"/>
      </object_component>
      <object_component id="oc-165">
         <name>.debug_abbrev</name>
         <load_address>0xf4f</load_address>
         <run_address>0xf4f</run_address>
         <size>0x3c</size>
         <input_file_ref idref="fl-41"/>
      </object_component>
      <object_component id="oc-2d6">
         <name>.debug_abbrev</name>
         <load_address>0xf8b</load_address>
         <run_address>0xf8b</run_address>
         <size>0x3c</size>
         <input_file_ref idref="fl-42"/>
      </object_component>
      <object_component id="oc-2e2">
         <name>.debug_abbrev</name>
         <load_address>0xfc7</load_address>
         <run_address>0xfc7</run_address>
         <size>0x3c</size>
         <input_file_ref idref="fl-42"/>
      </object_component>
      <object_component id="oc-17f">
         <name>.debug_abbrev</name>
         <load_address>0x1003</load_address>
         <run_address>0x1003</run_address>
         <size>0x55</size>
         <input_file_ref idref="fl-46"/>
      </object_component>
      <object_component id="oc-2e3">
         <name>.debug_abbrev</name>
         <load_address>0x1058</load_address>
         <run_address>0x1058</run_address>
         <size>0x4e</size>
         <input_file_ref idref="fl-47"/>
      </object_component>
      <object_component id="oc-2de">
         <name>.debug_abbrev</name>
         <load_address>0x10a6</load_address>
         <run_address>0x10a6</run_address>
         <size>0x7f</size>
         <input_file_ref idref="fl-47"/>
      </object_component>
      <object_component id="oc-2ba">
         <name>.debug_abbrev</name>
         <load_address>0x1125</load_address>
         <run_address>0x1125</run_address>
         <size>0x2e</size>
         <input_file_ref idref="fl-48"/>
      </object_component>
      <object_component id="oc-282">
         <name>.debug_abbrev</name>
         <load_address>0x1153</load_address>
         <run_address>0x1153</run_address>
         <size>0x71</size>
         <input_file_ref idref="fl-48"/>
      </object_component>
      <object_component id="oc-2d8">
         <name>.debug_abbrev</name>
         <load_address>0x11c4</load_address>
         <run_address>0x11c4</run_address>
         <size>0x3c</size>
         <input_file_ref idref="fl-4b"/>
      </object_component>
      <object_component id="oc-2be">
         <name>.debug_abbrev</name>
         <load_address>0x1200</load_address>
         <run_address>0x1200</run_address>
         <size>0x3c</size>
         <input_file_ref idref="fl-4b"/>
      </object_component>
      <object_component id="oc-31f">
         <name>.debug_abbrev</name>
         <load_address>0x123c</load_address>
         <run_address>0x123c</run_address>
         <size>0xf</size>
      </object_component>
      <object_component id="oc-10e">
         <name>.debug_str</name>
         <load_address>0x0</load_address>
         <run_address>0x0</run_address>
         <size>0xfa</size>
         <input_file_ref idref="fl-2"/>
      </object_component>
      <object_component id="oc-2aa">
         <name>.debug_str</name>
         <load_address>0xfa</load_address>
         <run_address>0xfa</run_address>
         <size>0xec</size>
         <input_file_ref idref="fl-1d"/>
      </object_component>
      <object_component id="oc-173">
         <name>.debug_str</name>
         <load_address>0x1e6</load_address>
         <run_address>0x1e6</run_address>
         <size>0x12d</size>
         <input_file_ref idref="fl-23"/>
      </object_component>
      <object_component id="oc-29e">
         <name>.debug_str</name>
         <load_address>0x313</load_address>
         <run_address>0x313</run_address>
         <size>0x102</size>
         <input_file_ref idref="fl-24"/>
      </object_component>
      <object_component id="oc-1bb">
         <name>.debug_aranges</name>
         <load_address>0x0</load_address>
         <run_address>0x0</run_address>
         <size>0x20</size>
         <input_file_ref idref="fl-2"/>
      </object_component>
      <object_component id="oc-1a4">
         <name>.debug_aranges</name>
         <load_address>0x20</load_address>
         <run_address>0x20</run_address>
         <size>0x20</size>
         <input_file_ref idref="fl-2"/>
      </object_component>
      <object_component id="oc-1aa">
         <name>.debug_aranges</name>
         <load_address>0x40</load_address>
         <run_address>0x40</run_address>
         <size>0x20</size>
         <input_file_ref idref="fl-2"/>
      </object_component>
      <object_component id="oc-25d">
         <name>.debug_aranges</name>
         <load_address>0x60</load_address>
         <run_address>0x60</run_address>
         <size>0x20</size>
         <input_file_ref idref="fl-2"/>
      </object_component>
      <object_component id="oc-1ce">
         <name>.debug_aranges</name>
         <load_address>0x80</load_address>
         <run_address>0x80</run_address>
         <size>0x20</size>
         <input_file_ref idref="fl-2"/>
      </object_component>
      <object_component id="oc-269">
         <name>.debug_aranges</name>
         <load_address>0xa0</load_address>
         <run_address>0xa0</run_address>
         <size>0x20</size>
         <input_file_ref idref="fl-2"/>
      </object_component>
      <object_component id="oc-263">
         <name>.debug_aranges</name>
         <load_address>0xc0</load_address>
         <run_address>0xc0</run_address>
         <size>0x20</size>
         <input_file_ref idref="fl-2"/>
      </object_component>
      <object_component id="oc-1d4">
         <name>.debug_aranges</name>
         <load_address>0xe0</load_address>
         <run_address>0xe0</run_address>
         <size>0x20</size>
         <input_file_ref idref="fl-2"/>
      </object_component>
      <object_component id="oc-1b0">
         <name>.debug_aranges</name>
         <load_address>0x100</load_address>
         <run_address>0x100</run_address>
         <size>0x20</size>
         <input_file_ref idref="fl-2"/>
      </object_component>
      <object_component id="oc-23e">
         <name>.debug_aranges</name>
         <load_address>0x120</load_address>
         <run_address>0x120</run_address>
         <size>0x20</size>
         <input_file_ref idref="fl-2"/>
      </object_component>
      <object_component id="oc-222">
         <name>.debug_aranges</name>
         <load_address>0x140</load_address>
         <run_address>0x140</run_address>
         <size>0x20</size>
         <input_file_ref idref="fl-2"/>
      </object_component>
      <object_component id="oc-1c2">
         <name>.debug_aranges</name>
         <load_address>0x160</load_address>
[...]
      </symbol>
      <symbol id="sm-188">
         <name>__mspabi_srai_13</name>
         <value>0xcfc6</value>
         <object_component_ref idref="oc-28e"/>
      </symbol>
      <symbol id="sm-189">
         <name>__mspabi_srai_12</name>
         <value>0xcfc8</value>
         <object_component_ref idref="oc-28e"/>
      </symbol>
      <symbol id="sm-18a">
         <name>__mspabi_srai_11</name>
         <value>0xcfca</value>
         <object_component_ref idref="oc-28e"/>
      </symbol>
      <symbol id="sm-18b">
         <name>__mspabi_srai_10</name>
         <value>0xcfcc</value>
         <object_component_ref idref="oc-28e"/>
      </symbol>
      <symbol id="sm-193">
         <name>_stack</name>
         <value>0x3b0</value>
         <object_component_ref idref="oc-f1"/>
      </symbol>
      <symbol id="sm-194">
         <name>_reset_vector</name>
         <value>0xfffe</value>
         <object_component_ref idref="oc-f4"/>
      </symbol>
      <symbol id="sm-19d">
         <name>_c_int00_noinit_noargs_noexit</name>
         <value>0xd0c4</value>
         <object_component_ref idref="oc-83"/>
      </symbol>
      <symbol id="sm-1bb">
         <name>__mspabi_cvtfd</name>
         <value>0xcb3c</value>
         <object_component_ref idref="oc-247"/>
      </symbol>
      <symbol id="sm-1c9">
         <name>__mspabi_remul</name>
         <value>0xcd54</value>
         <object_component_ref idref="oc-287"/>
      </symbol>
      <symbol id="sm-1ca">
         <name>__mspabi_divul</name>
         <value>0xcd54</value>
         <object_component_ref idref="oc-287"/>
      </symbol>
      <symbol id="sm-1d3">
         <name>__mspabi_func_epilog_2</name>
         <value>0xd112</value>
         <object_component_ref idref="oc-ff"/>
      </symbol>
      <symbol id="sm-1d4">
         <name>__mspabi_func_epilog_3</name>
         <value>0xd110</value>
         <object_component_ref idref="oc-ff"/>
      </symbol>
      <symbol id="sm-1d5">
         <name>__mspabi_func_epilog_1</name>
         <value>0xd114</value>
         <object_component_ref idref="oc-ff"/>
      </symbol>
      <symbol id="sm-1d6">
         <name>__mspabi_func_epilog_6</name>
         <value>0xd10a</value>
         <object_component_ref idref="oc-ff"/>
      </symbol>
      <symbol id="sm-1d7">
         <name>__mspabi_func_epilog_7</name>
         <value>0xd108</value>
         <object_component_ref idref="oc-ff"/>
      </symbol>
      <symbol id="sm-1d8">
         <name>__mspabi_func_epilog_4</name>
         <value>0xd10e</value>
         <object_component_ref idref="oc-ff"/>
      </symbol>
      <symbol id="sm-1d9">
         <name>__mspabi_func_epilog_5</name>
         <value>0xd10c</value>
         <object_component_ref idref="oc-ff"/>
      </symbol>
      <symbol id="sm-1e3">
         <name>C$$EXIT</name>
         <value>0xd144</value>
         <object_component_ref idref="oc-156"/>
      </symbol>
      <symbol id="sm-1e4">
         <name>abort</name>
         <value>0xd144</value>
         <object_component_ref idref="oc-156"/>
      </symbol>
      <symbol id="sm-1f5">
         <name>__mspabi_fixdul</name>
         <value>0xcac8</value>
         <object_component_ref idref="oc-253"/>
      </symbol>
      <symbol id="sm-216">
         <name>__TI_frcaddd</name>
         <value>0xc2e8</value>
         <object_component_ref idref="oc-29f"/>
      </symbol>
      <symbol id="sm-231">
         <name>__mspabi_subf</name>
         <value>0xc548</value>
         <object_component_ref idref="oc-219"/>
      </symbol>
      <symbol id="sm-232">
         <name>__mspabi_addf</name>
         <value>0xc54e</value>
         <object_component_ref idref="oc-219"/>
      </symbol>
      <symbol id="sm-242">
         <name>__mspabi_cmpf</name>
         <value>0xce90</value>
         <object_component_ref idref="oc-22d"/>
      </symbol>
      <symbol id="sm-259">
         <name>__mspabi_mpyf</name>
         <value>0xc82c</value>
         <object_component_ref idref="oc-214"/>
      </symbol>
      <symbol id="sm-262">
         <name>__mspabi_negf</name>
         <value>0xd132</value>
         <object_component_ref idref="oc-232"/>
      </symbol>
      <symbol id="sm-271">
         <name>__mspabi_fixful</name>
         <value>0xcdf8</value>
         <object_component_ref idref="oc-237"/>
      </symbol>
      <symbol id="sm-27d">
         <name>__mspabi_fltulf</name>
         <value>0xcf56</value>
         <object_component_ref idref="oc-242"/>
      </symbol>
      <symbol id="sm-288">
         <name>__mspabi_fltuf</name>
         <value>0xd058</value>
         <object_component_ref idref="oc-1b4"/>
      </symbol>
      <symbol id="sm-28b">
         <name>__TI_int00</name>
         <value>0xffe0</value>
         <object_component_ref idref="oc-40"/>
      </symbol>
      <symbol id="sm-28e">
         <name>__TI_int02</name>
         <value>0xffe4</value>
         <object_component_ref idref="oc-41"/>
      </symbol>
      <symbol id="sm-291">
         <name>__TI_int03</name>
         <value>0xffe6</value>
         <object_component_ref idref="oc-42"/>
      </symbol>
      <symbol id="sm-294">
         <name>__TI_int05</name>
         <value>0xffea</value>
         <object_component_ref idref="oc-43"/>
      </symbol>
      <symbol id="sm-297">
         <name>__TI_int06</name>
         <value>0xffec</value>
         <object_component_ref idref="oc-44"/>
      </symbol>
      <symbol id="sm-29a">
         <name>__TI_int08</name>
         <value>0xfff0</value>
         <object_component_ref idref="oc-46"/>
      </symbol>
      <symbol id="sm-29d">
         <name>__TI_int09</name>
         <value>0xfff2</value>
         <object_component_ref idref="oc-47"/>
      </symbol>
      <symbol id="sm-2a0">
         <name>__TI_int10</name>
         <value>0xfff4</value>
         <object_component_ref idref="oc-48"/>
      </symbol>
      <symbol id="sm-2a3">
         <name>__TI_int11</name>
         <value>0xfff6</value>
         <object_component_ref idref="oc-49"/>
      </symbol>
      <symbol id="sm-2a6">
         <name>__TI_int12</name>
         <value>0xfff8</value>
         <object_component_ref idref="oc-4a"/>
      </symbol>
      <symbol id="sm-2a9">
         <name>__TI_int13</name>
         <value>0xfffa</value>
         <object_component_ref idref="oc-4b"/>
      </symbol>
      <symbol id="sm-2ac">
         <name>__TI_int14</name>
         <value>0xfffc</value>
         <object_component_ref idref="oc-4c"/>
      </symbol>
      <symbol id="sm-2b4">
         <name>__TI_ISR_TRAP</name>
         <value>0xd13c</value>
         <object_component_ref idref="oc-11c"/>
      </symbol>
      <symbol id="sm-2bc">
         <name>__mspabi_slli</name>
         <value>0xcfe2</value>
         <object_component_ref idref="oc-f5"/>
      </symbol>
      <symbol id="sm-2bd">
         <name>__mspabi_slli_9</name>
         <value>0xcffa</value>
         <object_component_ref idref="oc-f5"/>
      </symbol>
      <symbol id="sm-2be">
         <name>__mspabi_slli_8</name>
         <value>0xcffc</value>
         <object_component_ref idref="oc-f5"/>
      </symbol>
      <symbol id="sm-2bf">
         <name>__mspabi_slli_7</name>
         <value>0xcffe</value>
         <object_component_ref idref="oc-f5"/>
      </symbol>
      <symbol id="sm-2c0">
         <name>__mspabi_slli_6</name>
         <value>0xd000</value>
         <object_component_ref idref="oc-f5"/>
      </symbol>
      <symbol id="sm-2c1">
         <name>__mspabi_slli_5</name>
         <value>0xd002</value>
         <object_component_ref idref="oc-f5"/>
      </symbol>
      <symbol id="sm-2c2">
         <name>__mspabi_slli_4</name>
         <value>0xd004</value>
         <object_component_ref idref="oc-f5"/>
      </symbol>
      <symbol id="sm-2c3">
         <name>__mspabi_slli_3</name>
         <value>0xd006</value>
         <object_component_ref idref="oc-f5"/>
      </symbol>
      <symbol id="sm-2c4">
         <name>__mspabi_slli_2</name>
         <value>0xd008</value>
         <object_component_ref idref="oc-f5"/>
      </symbol>
      <symbol id="sm-2c5">
         <name>__mspabi_slli_1</name>
         <value>0xd00a</value>
         <object_component_ref idref="oc-f5"/>
      </symbol>
      <symbol id="sm-2c6">
         <name>__mspabi_slli_15</name>
         <value>0xcfee</value>
         <object_component_ref idref="oc-f5"/>
      </symbol>
      <symbol id="sm-2c7">
         <name>__mspabi_slli_14</name>
         <value>0xcff0</value>
         <object_component_ref idref="oc-f5"/>
      </symbol>
      <symbol id="sm-2c8">
         <name>__mspabi_slli_13</name>
         <value>0xcff2</value>
         <object_component_ref idref="oc-f5"/>
      </symbol>
      <symbol id="sm-2c9">
         <name>__mspabi_slli_12</name>
         <value>0xcff4</value>
         <object_component_ref idref="oc-f5"/>
      </symbol>
      <symbol id="sm-2ca">
         <name>__mspabi_slli_11</name>
         <value>0xcff6</value>
         <object_component_ref idref="oc-f5"/>
      </symbol>
      <symbol id="sm-2cb">
         <name>__mspabi_slli_10</name>
         <value>0xcff8</value>
         <object_component_ref idref="oc-f5"/>
      </symbol>
      <symbol id="sm-2db">
         <name>__mspabi_slll_9</name>
         <value>0xcf30</value>
         <object_component_ref idref="oc-2ac"/>
      </symbol>
      <symbol id="sm-2dc">
         <name>__mspabi_slll_8</name>
         <value>0xcf34</value>
         <object_component_ref idref="oc-2ac"/>
      </symbol>
      <symbol id="sm-2dd">
         <name>__mspabi_slll_7</name>
         <value>0xcf38</value>
         <object_component_ref idref="oc-2ac"/>
      </symbol>
      <symbol id="sm-2de">
         <name>__mspabi_slll_6</name>
         <value>0xcf3c</value>
         <object_component_ref idref="oc-2ac"/>
      </symbol>
      <symbol id="sm-2df">
         <name>__mspabi_slll_5</name>
         <value>0xcf40</value>
         <object_component_ref idref="oc-2ac"/>
      </symbol>
      <symbol id="sm-2e0">
         <name>__mspabi_slll_4</name>
         <value>0xcf44</value>
         <object_component_ref idref="oc-2ac"/>
      </symbol>
      <symbol id="sm-2e1">
         <name>__mspabi_slll_3</name>
         <value>0xcf48</value>
         <object_component_ref idref="oc-2ac"/>
      </symbol>
      <symbol id="sm-2e2">
         <name>__mspabi_slll_2</name>
         <value>0xcf4c</value>
         <object_component_ref idref="oc-2ac"/>
      </symbol>
      <symbol id="sm-2e3">
         <name>__mspabi_slll_1</name>
         <value>0xcf50</value>
         <object_component_ref idref="oc-2ac"/>
      </symbol>
      <symbol id="sm-2e4">
         <name>__mspabi_slll</name>
         <value>0xd0f8</value>
         <object_component_ref idref="oc-2c1"/>
      </symbol>
      <symbol id="sm-2e5">
         <name>__mspabi_slll_15</name>
         <value>0xcf18</value>
         <object_component_ref idref="oc-2ac"/>
      </symbol>
      <symbol id="sm-2e6">
         <name>__mspabi_slll_14</name>
         <value>0xcf1c</value>
         <object_component_ref idref="oc-2ac"/>
      </symbol>
      <symbol id="sm-2e7">
         <name>__mspabi_slll_13</name>
         <value>0xcf20</value>
         <object_component_ref idref="oc-2ac"/>
      </symbol>
      <symbol id="sm-2e8">
         <name>__mspabi_slll_12</name>
         <value>0xcf24</value>
         <object_component_ref idref="oc-2ac"/>
      </symbol>
      <symbol id="sm-2e9">
         <name>__mspabi_slll_11</name>
         <value>0xcf28</value>
         <object_component_ref idref="oc-2ac"/>
      </symbol>
      <symbol id="sm-2ea">
         <name>__mspabi_slll_10</name>
         <value>0xcf2c</value>
         <object_component_ref idref="oc-2ac"/>
      </symbol>
      <symbol id="sm-2f2">
         <name>__mspabi_srli_8</name>
         <value>0xce6e</value>
         <object_component_ref idref="oc-fa"/>
      </symbol>
      <symbol id="sm-2f3">
         <name>__mspabi_srli_9</name>
         <value>0xce6a</value>
         <object_component_ref idref="oc-fa"/>
      </symbol>
      <symbol id="sm-2f4">
         <name>__mspabi_srli_6</name>
         <value>0xce76</value>
         <object_component_ref idref="oc-fa"/>
      </symbol>
      <symbol id="sm-2f5">
         <name>__mspabi_srli_7</name>
         <value>0xce72</value>
         <object_component_ref idref="oc-fa"/>
      </symbol>
      <symbol id="sm-2f6">
         <name>__mspabi_srli_4</name>
         <value>0xce7e</value>
         <object_component_ref idref="oc-fa"/>
      </symbol>
      <symbol id="sm-2f7">
         <name>__mspabi_srli_5</name>
         <value>0xce7a</value>
         <object_component_ref idref="oc-fa"/>
      </symbol>
      <symbol id="sm-2f8">
         <name>__mspabi_srli_2</name>
         <value>0xce86</value>
         <object_component_ref idref="oc-fa"/>
      </symbol>
      <symbol id="sm-2f9">
         <name>__mspabi_srli_3</name>
         <value>0xce82</value>
         <object_component_ref idref="oc-fa"/>
      </symbol>
      <symbol id="sm-2fa">
         <name>__mspabi_srli_1</name>
         <value>0xce8a</value>
         <object_component_ref idref="oc-fa"/>
      </symbol>
      <symbol id="sm-2fb">
         <name>__mspabi_srli</name>
         <value>0xce44</value>
         <object_component_ref idref="oc-fa"/>
      </symbol>
      <symbol id="sm-2fc">
         <name>__mspabi_srli_15</name>
         <value>0xce52</value>
         <object_component_ref idref="oc-fa"/>
      </symbol>
      <symbol id="sm-2fd">
         <name>__mspabi_srli_14</name>
         <value>0xce56</value>
         <object_component_ref idref="oc-fa"/>
      </symbol>
      <symbol id="sm-2fe">
         <name>__mspabi_srli_13</name>
         <value>0xce5a</value>
         <object_component_ref idref="oc-fa"/>
      </symbol>
      <symbol id="sm-2ff">
         <name>__mspabi_srli_12</name>
         <value>0xce5e</value>
         <object_component_ref idref="oc-fa"/>
      </symbol>
      <symbol id="sm-300">
         <name>__mspabi_srli_11</name>
         <value>0xce62</value>
         <object_component_ref idref="oc-fa"/>
      </symbol>
      <symbol id="sm-301">
         <name>__mspabi_srli_10</name>
         <value>0xce66</value>
         <object_component_ref idref="oc-fa"/>
      </symbol>
      <symbol id="sm-311">
         <name>__mspabi_srll_8</name>
         <value>0xcd22</value>
         <object_component_ref idref="oc-2d9"/>
      </symbol>
      <symbol id="sm-312">
         <name>__mspabi_srll_9</name>
         <value>0xcd1c</value>
         <object_component_ref idref="oc-2d9"/>
      </symbol>
      <symbol id="sm-313">
         <name>__mspabi_srll_6</name>
         <value>0xcd2e</value>
         <object_component_ref idref="oc-2d9"/>
      </symbol>
      <symbol id="sm-314">
         <name>__mspabi_srll_7</name>
         <value>0xcd28</value>
         <object_component_ref idref="oc-2d9"/>
      </symbol>
      <symbol id="sm-315">
         <name>__mspabi_srll_4</name>
         <value>0xcd3a</value>
         <object_component_ref idref="oc-2d9"/>
      </symbol>
      <symbol id="sm-316">
         <name>__mspabi_srll_5</name>
         <value>0xcd34</value>
         <object_component_ref idref="oc-2d9"/>
      </symbol>
      <symbol id="sm-317">
         <name>__mspabi_srll_2</name>
         <value>0xcd46</value>
         <object_component_ref idref="oc-2d9"/>
      </symbol>
      <symbol id="sm-318">
         <name>__mspabi_srll_3</name>
         <value>0xcd40</value>
         <object_component_ref idref="oc-2d9"/>
      </symbol>
      <symbol id="sm-319">
         <name>__mspabi_srll_1</name>
         <value>0xcd4c</value>
         <object_component_ref idref="oc-2d9"/>
      </symbol>
      <symbol id="sm-31a">
         <name>__mspabi_srll_15</name>
         <value>0xccf8</value>
         <object_component_ref idref="oc-2d9"/>
      </symbol>
      <symbol id="sm-31b">
         <name>__mspabi_srll_14</name>
         <value>0xccfe</value>
         <object_component_ref idref="oc-2d9"/>
      </symbol>
      <symbol id="sm-31c">
         <name>__mspabi_srll_13</name>
         <value>0xcd04</value>
         <object_component_ref idref="oc-2d9"/>
      </symbol>
      <symbol id="sm-31d">
         <name>__mspabi_srll_12</name>
         <value>0xcd0a</value>
         <object_component_ref idref="oc-2d9"/>
      </symbol>
      <symbol id="sm-31e">
         <name>__mspabi_srll_11</name>
         <value>0xcd10</value>
         <object_component_ref idref="oc-2d9"/>
      </symbol>
      <symbol id="sm-31f">
         <name>__mspabi_srll_10</name>
         <value>0xcd16</value>
         <object_component_ref idref="oc-2d9"/>
      </symbol>
      <symbol id="sm-320">
         <name>__mspabi_srll</name>
         <value>0xd0d6</value>
         <object_component_ref idref="oc-2b1"/>
      </symbol>
      <symbol id="sm-32c">
         <name>_system_pre_init</name>
         <value>0xd14a</value>
         <object_component_ref idref="oc-12e"/>
      </symbol>
      <symbol id="sm-33f">
         <name>__TI_renormd</name>
         <value>0xc8f0</value>
         <object_component_ref idref="oc-2cb"/>
      </symbol>
      <symbol id="sm-34c">
         <name>strlen</name>
         <value>0xd118</value>
         <object_component_ref idref="oc-226"/>
      </symbol>
      <symbol id="sm-35e">
         <name>__mspabi_sral</name>
         <value>0xd0e8</value>
         <object_component_ref idref="oc-2c6"/>
      </symbol>
      <symbol id="sm-35f">
         <name>__mspabi_sral_15</name>
         <value>0xceda</value>
         <object_component_ref idref="oc-293"/>
      </symbol>
      <symbol id="sm-360">
         <name>__mspabi_sral_14</name>
         <value>0xcede</value>
         <object_component_ref idref="oc-293"/>
      </symbol>
      <symbol id="sm-361">
         <name>__mspabi_sral_13</name>
         <value>0xcee2</value>
         <object_component_ref idref="oc-293"/>
      </symbol>
      <symbol id="sm-362">
         <name>__mspabi_sral_12</name>
         <value>0xcee6</value>
         <object_component_ref idref="oc-293"/>
      </symbol>
      <symbol id="sm-363">
         <name>__mspabi_sral_11</name>
         <value>0xceea</value>
         <object_component_ref idref="oc-293"/>
      </symbol>
      <symbol id="sm-364">
         <name>__mspabi_sral_10</name>
         <value>0xceee</value>
         <object_component_ref idref="oc-293"/>
      </symbol>
      <symbol id="sm-365">
         <name>__mspabi_sral_8</name>
         <value>0xcef6</value>
         <object_component_ref idref="oc-293"/>
      </symbol>
      <symbol id="sm-366">
         <name>__mspabi_sral_9</name>
         <value>0xcef2</value>
         <object_component_ref idref="oc-293"/>
      </symbol>
      <symbol id="sm-367">
         <name>__mspabi_sral_6</name>
         <value>0xcefe</value>
         <object_component_ref idref="oc-293"/>
      </symbol>
      <symbol id="sm-368">
         <name>__mspabi_sral_7</name>
         <value>0xcefa</value>
         <object_component_ref idref="oc-293"/>
      </symbol>
      <symbol id="sm-369">
         <name>__mspabi_sral_4</name>
         <value>0xcf06</value>
         <object_component_ref idref="oc-293"/>
      </symbol>
      <symbol id="sm-36a">
         <name>__mspabi_sral_5</name>
         <value>0xcf02</value>
         <object_component_ref idref="oc-293"/>
      </symbol>
      <symbol id="sm-36b">
         <name>__mspabi_sral_2</name>
         <value>0xcf0e</value>
         <object_component_ref idref="oc-293"/>
      </symbol>
      <symbol id="sm-36c">
         <name>__mspabi_sral_3</name>
         <value>0xcf0a</value>
         <object_component_ref idref="oc-293"/>
      </symbol>
      <symbol id="sm-36d">
         <name>__mspabi_sral_1</name>
         <value>0xcf12</value>
         <object_component_ref idref="oc-293"/>
      </symbol>
   </symbol_table>
   <title>Link successful</title>
</link_info>
