******************************************************************************
                  MSP430 Linker PC v16.9.1                     
******************************************************************************
>> Linked Sat May 13 16:57:48 2017

OUTPUT FILE NAME:   <project_EmbededSystem.out>
ENTRY POINT SYMBOL: "_c_int00_noargs_noexit"  address: 0000cc52


MEMORY CONFIGURATION

         name            origin    length      used     unused   attr    fill
----------------------  --------  ---------  --------  --------  ----  --------
  SFR                   00000000   00000010  00000000  00000010  RWIX
  PERIPHERALS_8BIT      00000010   000000f0  00000000  000000f0  RWIX
  PERIPHERALS_16BIT     00000100   00000100  00000000  00000100  RWIX
  RAM                   00000200   00000200  00000069  00000197  RWIX
  INFOD                 00001000   00000040  00000000  00000040  RWIX
  INFOC                 00001040   00000040  00000000  00000040  RWIX
  INFOB                 00001080   00000040  00000000  00000040  RWIX
  INFOA                 000010c0   00000040  00000000  00000040  RWIX
  FLASH                 0000c000   00003fde  00000d62  0000327c  RWIX
  BSLSIGNATURE          0000ffde   00000002  00000002  00000000  RWIX  ffff 
  INT00                 0000ffe0   00000002  00000002  00000000  RWIX
  INT01                 0000ffe2   00000002  00000000  00000002  RWIX
  INT02                 0000ffe4   00000002  00000002  00000000  RWIX
  INT03                 0000ffe6   00000002  00000002  00000000  RWIX
  INT04                 0000ffe8   00000002  00000000  00000002  RWIX
  INT05                 0000ffea   00000002  00000002  00000000  RWIX
  INT06                 0000ffec   00000002  00000002  00000000  RWIX
  INT07                 0000ffee   00000002  00000002  00000000  RWIX
  INT08                 0000fff0   00000002  00000002  00000000  RWIX
  INT09                 0000fff2   00000002  00000002  00000000  RWIX
  INT10                 0000fff4   00000002  00000002  00000000  RWIX
  INT11                 0000fff6   00000002  00000002  00000000  RWIX
  INT12                 0000fff8   00000002  00000002  00000000  RWIX
  INT13                 0000fffa   00000002  00000002  00000000  RWIX
  INT14                 0000fffc   00000002  00000002  00000000  RWIX
  RESET                 0000fffe   00000002  00000002  00000000  RWIX


SECTION ALLOCATION MAP

 output                                  attributes/
section   page    origin      length       input sections
--------  ----  ----------  ----------   ----------------
.bss       0    00000200    00000015     UNINITIALIZED
                  00000200    00000004     (.common:f_humi)
                  00000204    00000004     (.common:f_temp)
                  00000208    00000002     (.common:humihigh)
                  0000020a    00000002     (.common:humilow)
                  0000020c    00000002     (.common:temphigh)
                  0000020e    00000002     (.common:templow)
                  00000210    00000002     (.common:uint_humi)
                  00000212    00000002     (.common:uint_temp)
                  00000214    00000001     (.common:checksum)

.data      0    00000216    00000004     UNINITIALIZED
                  00000216    00000004     main.obj (.data)

.stack     0    000003b0    00000050     UNINITIALIZED
                  000003b0    00000002     rts430_eabi.lib : boot.obj (.stack)
                  000003b2    0000004e     --HOLE--

.text      0    0000c000    00000d22     
                  0000c000    00000132     rts430_eabi.lib : fs_add.obj (.text)
                  0000c132    0000012c     SHT10.obj (.text:SHT10_Calculate)
                  0000c25e    000000ea     main.obj (.text:myTimer0ISR)
                  0000c348    000000dc     rts430_eabi.lib : cmpd.obj (.text:__mspabi_cmpd)
                  0000c424    000000c4                     : fs_mpy.obj (.text)
                  0000c4e8    00000080     main.obj (.text:UART_printf_float)
                  0000c568    0000007c     rts430_eabi.lib : copy_decompress_lzss.obj (.text:decompress:lzss:__TI_decompress_lzss)
                  0000c5e4    00000078     main.obj (.text:UART_printf_int)
                  0000c65c    00000074     SHT10.obj (.text:SHT10_ReadByte)
                  0000c6d0    00000072     SHT10.obj (.text:SHT10_Measure)
                  0000c742    00000072     rts430_eabi.lib : cvtfd.obj (.text:__mspabi_cvtfd)
                  0000c7b4    0000006e     SHT10.obj (.text:SHT10_WriteByte)
                  0000c822    0000006e     rts430_eabi.lib : autoinit.obj (.text:_auto_init)
                  0000c890    0000005a                     : cpy_tbl.obj (.text:copy_in)
                  0000c8ea    00000058                     : div32u.obj (.text)
                  0000c942    00000056     main.obj (.text:main)
                  0000c998    0000004c     rts430_eabi.lib : fs_toul.obj (.text)
                  0000c9e4    0000004c                     : lsr16.obj (.text)
                  0000ca30    0000004a                     : fs_cmp.obj (.text)
                  0000ca7a    0000003e     SHT10.obj (.text:SHT10_transmission_start)
                  0000cab8    0000003e     rts430_eabi.lib : asr32.obj (.text:l_asr_const)
                  0000caf6    00000036     main.obj (.text:UART_init)
                  0000cb2c    00000034     SHT10.obj (.text:SHT10_Connectionreset)
                  0000cb60    00000032     rts430_eabi.lib : fs_ultof.obj (.text)
                  0000cb92    0000002c                     : asr16.obj (.text)
                  0000cbbe    0000002c                     : lsl16.obj (.text)
                  0000cbea    00000024     main.obj (.text:UART_printf_string)
                  0000cc0e    00000024     rts430_eabi.lib : fs_utof.obj (.text)
                  0000cc32    00000020     main.obj (.text:_config_clock)
                  0000cc52    0000001a     rts430_eabi.lib : boot_special.obj (.text:_c_int00_noargs_noexit)
                  0000cc6c    00000014     SHT10.obj (.text:SHT10_init)
                  0000cc80    00000014     rts430_eabi.lib : copy_zero_init.obj (.text:decompress:ZI:__TI_zero_init)
                  0000cc94    00000014                     : mult16.obj (.text)
                  0000cca8    00000012                     : copy_decompress_none.obj (.text:decompress:none:__TI_decompress_none)
                  0000ccba    00000012                     : memcpy.obj (.text:memcpy)
                  0000cccc    00000010                     : epilog.obj (.text)
                  0000ccdc    0000000e     main.obj (.text:USCI0RX_IRS)
                  0000ccea    0000000e     rts430_eabi.lib : strlen.obj (.text:strlen)
                  0000ccf8    0000000c     main.obj (.text:UART_printf_char)
                  0000cd04    0000000a     rts430_eabi.lib : fs_neg.obj (.text)
                  0000cd0e    00000008                     : isr_trap.obj (.text:_isr:__TI_ISR_TRAP)
                  0000cd16    00000006                     : exit.obj (.text:abort)
                  0000cd1c    00000004                     : pre_init.obj (.text:_system_pre_init)
                  0000cd20    00000002                     : startup.obj (.text:_system_post_cinit)

.binit     0    0000c000    00000000     

.const     0    0000cd22    00000026     
                  0000cd22    00000026     main.obj (.const:.string)

.cinit     0    0000cd48    0000001a     
                  0000cd48    00000008     (.cinit..data.load) [load image]
                  0000cd50    00000006     (__TI_handler_table)
                  0000cd56    00000004     (.cinit..bss.load) [load image, compression = zero_init]
                  0000cd5a    00000008     (__TI_cinit_table)

.init_array 
*          0    0000c000    00000000     UNINITIALIZED

TRAPINT    0    0000ffe0    00000002     
                  0000ffe0    00000002     rts430_eabi.lib : int00.obj (.int00)

PORT1      0    0000ffe4    00000002     
                  0000ffe4    00000002     rts430_eabi.lib : int02.obj (.int02)

PORT2      0    0000ffe6    00000002     
                  0000ffe6    00000002     rts430_eabi.lib : int03.obj (.int03)

$fill000   0    0000ffde    00000002     
                  0000ffde    00000002     --HOLE-- [fill = ffff]

ADC10      0    0000ffea    00000002     
                  0000ffea    00000002     rts430_eabi.lib : int05.obj (.int05)

USCIAB0TX 
*          0    0000ffec    00000002     
                  0000ffec    00000002     rts430_eabi.lib : int06.obj (.int06)

USCIAB0RX 
*          0    0000ffee    00000002     
                  0000ffee    00000002     main.obj (.int07)

TIMER0_A1 
*          0    0000fff0    00000002     
                  0000fff0    00000002     rts430_eabi.lib : int08.obj (.int08)

TIMER0_A0 
*          0    0000fff2    00000002     
                  0000fff2    00000002     main.obj (.int09)

WDT        0    0000fff4    00000002     
                  0000fff4    00000002     rts430_eabi.lib : int10.obj (.int10)

COMPARATORA 
*          0    0000fff6    00000002     
                  0000fff6    00000002     rts430_eabi.lib : int11.obj (.int11)

TIMER1_A1 
*          0    0000fff8    00000002     
                  0000fff8    00000002     rts430_eabi.lib : int12.obj (.int12)

TIMER1_A0 
*          0    0000fffa    00000002     
                  0000fffa    00000002     rts430_eabi.lib : int13.obj (.int13)

NMI        0    0000fffc    00000002     
                  0000fffc    00000002     rts430_eabi.lib : int14.obj (.int14)

.reset     0    0000fffe    00000002     
                  0000fffe    00000002     rts430_eabi.lib : boot.obj (.reset)

MODULE SUMMARY

       Module                     code   ro data   rw data
       ------                     ----   -------   -------
    .\
       main.obj                   716    42        25     
       SHT10.obj                  774    0         0      
    +--+--------------------------+------+---------+---------+
       Total:                     1490   42        25     
                                                          
    C:\ti\ccsv7\tools\compiler\ti-cgt-msp430_16.9.1.LTS\lib\rts430_eabi.lib
       fs_add.obj                 306    0         0      
       cmpd.obj                   220    0         0      
       fs_mpy.obj                 196    0         0      
       copy_decompress_lzss.obj   124    0         0      
       cvtfd.obj                  114    0         0      
       autoinit.obj               110    0         0      
       cpy_tbl.obj                90     0         0      
       div32u.obj                 88     0         0      
       fs_toul.obj                76     0         0      
       lsr16.obj                  76     0         0      
       fs_cmp.obj                 74     0         0      
       asr32.obj                  62     0         0      
       fs_ultof.obj               50     0         0      
       asr16.obj                  44     0         0      
       lsl16.obj                  44     0         0      
       fs_utof.obj                36     0         0      
       boot_special.obj           26     0         0      
       copy_zero_init.obj         20     0         0      
       mult16.obj                 20     0         0      
       copy_decompress_none.obj   18     0         0      
       memcpy.obj                 18     0         0      
       epilog.obj                 16     0         0      
       strlen.obj                 14     0         0      
       fs_neg.obj                 10     0         0      
       isr_trap.obj               8      0         0      
       exit.obj                   6      0         0      
       pre_init.obj               4      0         0      
       boot.obj                   0      2         0      
       int00.obj                  0      2         0      
       int02.obj                  0      2         0      
       int03.obj                  0      2         0      
       int05.obj                  0      2         0      
       int06.obj                  0      2         0      
       int08.obj                  0      2         0      
       int10.obj                  0      2         0      
       int11.obj                  0      2         0      
       int12.obj                  0      2         0      
       int13.obj                  0      2         0      
       int14.obj                  0      2         0      
       startup.obj                2      0         0      
    +--+--------------------------+------+---------+---------+
       Total:                     1872   24        0      
                                                          
       Stack:                     0      0         80     
       Linker Generated:          0      26        0      
    +--+--------------------------+------+---------+---------+
       Grand Total:               3362   92        105    


LINKER GENERATED COPY TABLES

__TI_cinit_table @ 0000cd5a records: 2, size/record: 4, table size: 8
	.data: load addr=0000cd48, load size=00000008 bytes, run addr=00000216, run size=00000004 bytes, compression=copy
	.bss: load addr=0000cd56, load size=00000004 bytes, run addr=00000200, run size=00000015 bytes, compression=zero_init


LINKER GENERATED HANDLER TABLE

__TI_handler_table @ 0000cd50 records: 3, size/record: 2, table size: 6
	index: 0, handler: __TI_zero_init
	index: 1, handler: __TI_decompress_lzss
	index: 2, handler: __TI_decompress_none


GLOBAL SYMBOLS: SORTED ALPHABETICALLY BY Name 

address   name                    
-------   ----                    
0000004a  ADC10AE0                
000001b0  ADC10CTL0               
000001b2  ADC10CTL1               
00000048  ADC10DTC0               
00000049  ADC10DTC1               
000001b4  ADC10MEM                
000001bc  ADC10SA                 
00000057  BCSCTL1                 
00000058  BCSCTL2                 
00000053  BCSCTL3                 
0000cd16  C$$EXIT                 
00000059  CACTL1                  
0000005a  CACTL2                  
000010fb  CALBC1_12MHZ            
000010f9  CALBC1_16MHZ            
000010ff  CALBC1_1MHZ             
000010fd  CALBC1_8MHZ             
000010fa  CALDCO_12MHZ            
000010f8  CALDCO_16MHZ            
000010fe  CALDCO_1MHZ             
000010fc  CALDCO_8MHZ             
0000005b  CAPD                    
00000056  DCOCTL                  
00000128  FCTL1                   
0000012a  FCTL2                   
0000012c  FCTL3                   
00000000  IE1                     
00000001  IE2                     
00000002  IFG1                    
00000003  IFG2                    
00000022  P1DIR                   
00000025  P1IE                    
00000024  P1IES                   
00000023  P1IFG                   
00000020  P1IN                    
00000021  P1OUT                   
00000027  P1REN                   
00000026  P1SEL                   
00000041  P1SEL2                  
0000002a  P2DIR                   
0000002d  P2IE                    
0000002c  P2IES                   
0000002b  P2IFG                   
00000028  P2IN                    
00000029  P2OUT                   
0000002f  P2REN                   
0000002e  P2SEL                   
00000042  P2SEL2                  
0000001a  P3DIR                   
00000018  P3IN                    
00000019  P3OUT                   
00000010  P3REN                   
0000001b  P3SEL                   
00000043  P3SEL2                  
0000c132  SHT10_Calculate         
0000cb2c  SHT10_Connectionreset   
0000c6d0  SHT10_Measure           
0000c65c  SHT10_ReadByte          
0000c7b4  SHT10_WriteByte         
0000cc6c  SHT10_init              
0000ca7a  SHT10_transmission_start
00000172  TA0CCR0                 
00000174  TA0CCR1                 
00000176  TA0CCR2                 
00000162  TA0CCTL0                
00000164  TA0CCTL1                
00000166  TA0CCTL2                
00000160  TA0CTL                  
0000012e  TA0IV                   
00000170  TA0R                    
00000192  TA1CCR0                 
00000194  TA1CCR1                 
00000196  TA1CCR2                 
00000182  TA1CCTL0                
00000184  TA1CCTL1                
00000186  TA1CCTL2                
00000180  TA1CTL                  
0000011e  TA1IV                   
00000190  TA1R                    
000010db  TLV_ADC10_1_LEN         
000010da  TLV_ADC10_1_TAG         
000010c0  TLV_CHECKSUM            
000010f7  TLV_DCO_30_LEN          
000010f6  TLV_DCO_30_TAG          
0000caf6  UART_init               
0000ccf8  UART_printf_char        
0000c4e8  UART_printf_float       
0000c5e4  UART_printf_int         
0000cbea  UART_printf_string      
0000005d  UCA0ABCTL               
00000062  UCA0BR0                 
00000063  UCA0BR1                 
00000060  UCA0CTL0                
00000061  UCA0CTL1                
0000005f  UCA0IRRCTL              
0000005e  UCA0IRTCTL              
00000064  UCA0MCTL                
00000066  UCA0RXBUF               
00000065  UCA0STAT                
00000067  UCA0TXBUF               
0000006a  UCB0BR0                 
0000006b  UCB0BR1                 
00000068  UCB0CTL0                
00000069  UCB0CTL1                
0000006c  UCB0I2CIE               
00000118  UCB0I2COA               
0000011a  UCB0I2CSA               
0000006e  UCB0RXBUF               
0000006d  UCB0STAT                
0000006f  UCB0TXBUF               
0000ccdc  USCI0RX_IRS             
00000120  WDTCTL                  
00000400  __STACK_END             
00000050  __STACK_SIZE            
UNDEFED   __TI_BINIT_Base         
UNDEFED   __TI_BINIT_Limit        
0000cd5a  __TI_CINIT_Base         
0000cd62  __TI_CINIT_Limit        
0000cd50  __TI_Handler_Table_Base 
0000cd56  __TI_Handler_Table_Limit
UNDEFED   __TI_INITARRAY_Base     
UNDEFED   __TI_INITARRAY_Limit    
0000cd0e  __TI_ISR_TRAP           
0000c568  __TI_decompress_lzss    
0000cca8  __TI_decompress_none    
0000ffe0  __TI_int00              
0000ffe4  __TI_int02              
0000ffe6  __TI_int03              
0000ffea  __TI_int05              
0000ffec  __TI_int06              
0000ffee  __TI_int07              
0000fff0  __TI_int08              
0000fff2  __TI_int09              
0000fff4  __TI_int10              
0000fff6  __TI_int11              
0000fff8  __TI_int12              
0000fffa  __TI_int13              
0000fffc  __TI_int14              
ffffffff  __TI_pprof_out_hndl     
ffffffff  __TI_prof_data_size     
ffffffff  __TI_prof_data_start    
0000cc80  __TI_zero_init          
ffffffff  __c_args__              
0000c006  __mspabi_addf           
0000c348  __mspabi_cmpd           
0000ca30  __mspabi_cmpf           
0000c742  __mspabi_cvtfd          
0000c8ea  __mspabi_divul          
0000c998  __mspabi_fixful         
0000cc0e  __mspabi_fltuf          
0000cb60  __mspabi_fltulf         
0000ccd8  __mspabi_func_epilog_1  
0000ccd6  __mspabi_func_epilog_2  
0000ccd4  __mspabi_func_epilog_3  
0000ccd2  __mspabi_func_epilog_4  
0000ccd0  __mspabi_func_epilog_5  
0000ccce  __mspabi_func_epilog_6  
0000cccc  __mspabi_func_epilog_7  
0000c424  __mspabi_mpyf           
0000cc94  __mspabi_mpyi           
0000cc94  __mspabi_mpyi_sw        
0000cd04  __mspabi_negf           
0000c8ea  __mspabi_remul          
0000cbbe  __mspabi_slli           
0000cbe6  __mspabi_slli_1         
0000cbd4  __mspabi_slli_10        
0000cbd2  __mspabi_slli_11        
0000cbd0  __mspabi_slli_12        
0000cbce  __mspabi_slli_13        
0000cbcc  __mspabi_slli_14        
0000cbca  __mspabi_slli_15        
0000cbe4  __mspabi_slli_2         
0000cbe2  __mspabi_slli_3         
0000cbe0  __mspabi_slli_4         
0000cbde  __mspabi_slli_5         
0000cbdc  __mspabi_slli_6         
0000cbda  __mspabi_slli_7         
0000cbd8  __mspabi_slli_8         
0000cbd6  __mspabi_slli_9         
0000cb92  __mspabi_srai           
0000cbba  __mspabi_srai_1         
0000cba8  __mspabi_srai_10        
0000cba6  __mspabi_srai_11        
0000cba4  __mspabi_srai_12        
0000cba2  __mspabi_srai_13        
0000cba0  __mspabi_srai_14        
0000cb9e  __mspabi_srai_15        
0000cbb8  __mspabi_srai_2         
0000cbb6  __mspabi_srai_3         
0000cbb4  __mspabi_srai_4         
0000cbb2  __mspabi_srai_5         
0000cbb0  __mspabi_srai_6         
0000cbae  __mspabi_srai_7         
0000cbac  __mspabi_srai_8         
0000cbaa  __mspabi_srai_9         
0000caf0  __mspabi_sral_1         
0000cacc  __mspabi_sral_10        
0000cac8  __mspabi_sral_11        
0000cac4  __mspabi_sral_12        
0000cac0  __mspabi_sral_13        
0000cabc  __mspabi_sral_14        
0000cab8  __mspabi_sral_15        
0000caec  __mspabi_sral_2         
0000cae8  __mspabi_sral_3         
0000cae4  __mspabi_sral_4         
0000cae0  __mspabi_sral_5         
0000cadc  __mspabi_sral_6         
0000cad8  __mspabi_sral_7         
0000cad4  __mspabi_sral_8         
0000cad0  __mspabi_sral_9         
0000c9e4  __mspabi_srli           
0000ca2a  __mspabi_srli_1         
0000ca06  __mspabi_srli_10        
0000ca02  __mspabi_srli_11        
0000c9fe  __mspabi_srli_12        
0000c9fa  __mspabi_srli_13        
0000c9f6  __mspabi_srli_14        
0000c9f2  __mspabi_srli_15        
0000ca26  __mspabi_srli_2         
0000ca22  __mspabi_srli_3         
0000ca1e  __mspabi_srli_4         
0000ca1a  __mspabi_srli_5         
0000ca16  __mspabi_srli_6         
0000ca12  __mspabi_srli_7         
0000ca0e  __mspabi_srli_8         
0000ca0a  __mspabi_srli_9         
0000c000  __mspabi_subf           
0000c822  _auto_init              
0000cc52  _c_int00_noargs_noexit  
0000cc32  _config_clock           
0000fffe  _reset_vector           
000003b0  _stack                  
0000cd20  _system_post_cinit      
0000cd1c  _system_pre_init        
0000cd16  abort                   
00000214  checksum                
0000c890  copy_in                 
00000218  error                   
00000200  f_humi                  
00000204  f_temp                  
00000208  humihigh                
0000020a  humilow                 
0000c942  main                    
0000ccba  memcpy                  
0000c25e  myTimer0ISR             
00000216  read_data_char          
0000ccea  strlen                  
0000020c  temphigh                
0000020e  templow                 
00000210  uint_humi               
00000212  uint_temp               


GLOBAL SYMBOLS: SORTED BY Symbol Address 

address   name                    
-------   ----                    
00000000  IE1                     
00000001  IE2                     
00000002  IFG1                    
00000003  IFG2                    
00000010  P3REN                   
00000018  P3IN                    
00000019  P3OUT                   
0000001a  P3DIR                   
0000001b  P3SEL                   
00000020  P1IN                    
00000021  P1OUT                   
00000022  P1DIR                   
00000023  P1IFG                   
00000024  P1IES                   
00000025  P1IE                    
00000026  P1SEL                   
00000027  P1REN                   
00000028  P2IN                    
00000029  P2OUT                   
0000002a  P2DIR                   
0000002b  P2IFG                   
0000002c  P2IES                   
0000002d  P2IE                    
0000002e  P2SEL                   
0000002f  P2REN                   
00000041  P1SEL2                  
00000042  P2SEL2                  
00000043  P3SEL2                  
00000048  ADC10DTC0               
00000049  ADC10DTC1               
0000004a  ADC10AE0                
00000050  __STACK_SIZE            
00000053  BCSCTL3                 
00000056  DCOCTL                  
00000057  BCSCTL1                 
00000058  BCSCTL2                 
00000059  CACTL1                  
0000005a  CACTL2                  
0000005b  CAPD                    
0000005d  UCA0ABCTL               
0000005e  UCA0IRTCTL              
0000005f  UCA0IRRCTL              
00000060  UCA0CTL0                
00000061  UCA0CTL1                
00000062  UCA0BR0                 
00000063  UCA0BR1                 
00000064  UCA0MCTL                
00000065  UCA0STAT                
00000066  UCA0RXBUF               
00000067  UCA0TXBUF               
00000068  UCB0CTL0                
00000069  UCB0CTL1                
0000006a  UCB0BR0                 
0000006b  UCB0BR1                 
0000006c  UCB0I2CIE               
0000006d  UCB0STAT                
0000006e  UCB0RXBUF               
0000006f  UCB0TXBUF               
00000118  UCB0I2COA               
0000011a  UCB0I2CSA               
0000011e  TA1IV                   
00000120  WDTCTL                  
00000128  FCTL1                   
0000012a  FCTL2                   
0000012c  FCTL3                   
0000012e  TA0IV                   
00000160  TA0CTL                  
00000162  TA0CCTL0                
00000164  TA0CCTL1                
00000166  TA0CCTL2                
00000170  TA0R                    
00000172  TA0CCR0                 
00000174  TA0CCR1                 
00000176  TA0CCR2                 
00000180  TA1CTL                  
00000182  TA1CCTL0                
00000184  TA1CCTL1                
00000186  TA1CCTL2                
00000190  TA1R                    
00000192  TA1CCR0                 
00000194  TA1CCR1                 
00000196  TA1CCR2                 
000001b0  ADC10CTL0               
000001b2  ADC10CTL1               
000001b4  ADC10MEM                
000001bc  ADC10SA                 
00000200  f_humi                  
00000204  f_temp                  
00000208  humihigh                
0000020a  humilow                 
0000020c  temphigh                
0000020e  templow                 
00000210  uint_humi               
00000212  uint_temp               
00000214  checksum                
00000216  read_data_char          
00000218  error                   
000003b0  _stack                  
00000400  __STACK_END             
000010c0  TLV_CHECKSUM            
000010da  TLV_ADC10_1_TAG         
000010db  TLV_ADC10_1_LEN         
000010f6  TLV_DCO_30_TAG          
000010f7  TLV_DCO_30_LEN          
000010f8  CALDCO_16MHZ            
000010f9  CALBC1_16MHZ            
000010fa  CALDCO_12MHZ            
000010fb  CALBC1_12MHZ            
000010fc  CALDCO_8MHZ             
000010fd  CALBC1_8MHZ             
000010fe  CALDCO_1MHZ             
000010ff  CALBC1_1MHZ             
0000c000  __mspabi_subf           
0000c006  __mspabi_addf           
0000c132  SHT10_Calculate         
0000c25e  myTimer0ISR             
0000c348  __mspabi_cmpd           
0000c424  __mspabi_mpyf           
0000c4e8  UART_printf_float       
0000c568  __TI_decompress_lzss    
0000c5e4  UART_printf_int         
0000c65c  SHT10_ReadByte          
0000c6d0  SHT10_Measure           
0000c742  __mspabi_cvtfd          
0000c7b4  SHT10_WriteByte         
0000c822  _auto_init              
0000c890  copy_in                 
0000c8ea  __mspabi_divul          
0000c8ea  __mspabi_remul          
0000c942  main                    
0000c998  __mspabi_fixful         
0000c9e4  __mspabi_srli           
0000c9f2  __mspabi_srli_15        
0000c9f6  __mspabi_srli_14        
0000c9fa  __mspabi_srli_13        
0000c9fe  __mspabi_srli_12        
0000ca02  __mspabi_srli_11        
0000ca06  __mspabi_srli_10        
0000ca0a  __mspabi_srli_9         
0000ca0e  __mspabi_srli_8         
0000ca12  __mspabi_srli_7         
0000ca16  __mspabi_srli_6         
0000ca1a  __mspabi_srli_5         
0000ca1e  __mspabi_srli_4         
0000ca22  __mspabi_srli_3         
0000ca26  __mspabi_srli_2         
0000ca2a  __mspabi_srli_1         
0000ca30  __mspabi_cmpf           
0000ca7a  SHT10_transmission_start
0000cab8  __mspabi_sral_15        
0000cabc  __mspabi_sral_14        
0000cac0  __mspabi_sral_13        
0000cac4  __mspabi_sral_12        
0000cac8  __mspabi_sral_11        
0000cacc  __mspabi_sral_10        
0000cad0  __mspabi_sral_9         
0000cad4  __mspabi_sral_8         
0000cad8  __mspabi_sral_7         
0000cadc  __mspabi_sral_6         
0000cae0  __mspabi_sral_5         
0000cae4  __mspabi_sral_4         
0000cae8  __mspabi_sral_3         
0000caec  __mspabi_sral_2         
0000caf0  __mspabi_sral_1         
0000caf6  UART_init               
0000cb2c  SHT10_Connectionreset   
0000cb60  __mspabi_fltulf         
0000cb92  __mspabi_srai           
0000cb9e  __mspabi_srai_15        
0000cba0  __mspabi_srai_14        
0000cba2  __mspabi_srai_13        
0000cba4  __mspabi_srai_12        
0000cba6  __mspabi_srai_11        
0000cba8  __mspabi_srai_10        
0000cbaa  __mspabi_srai_9         
0000cbac  __mspabi_srai_8         
0000cbae  __mspabi_srai_7         
0000cbb0  __mspabi_srai_6         
0000cbb2  __mspabi_srai_5         
0000cbb4  __mspabi_srai_4         
0000cbb6  __mspabi_srai_3         
0000cbb8  __mspabi_srai_2         
0000cbba  __mspabi_srai_1         
0000cbbe  __mspabi_slli           
0000cbca  __mspabi_slli_15        
0000cbcc  __mspabi_slli_14        
0000cbce  __mspabi_slli_13        
0000cbd0  __mspabi_slli_12        
0000cbd2  __mspabi_slli_11        
0000cbd4  __mspabi_slli_10        
0000cbd6  __mspabi_slli_9         
0000cbd8  __mspabi_slli_8         
0000cbda  __mspabi_slli_7         
0000cbdc  __mspabi_slli_6         
0000cbde  __mspabi_slli_5         
0000cbe0  __mspabi_slli_4         
0000cbe2  __mspabi_slli_3         
0000cbe4  __mspabi_slli_2         
0000cbe6  __mspabi_slli_1         
0000cbea  UART_printf_string      
0000cc0e  __mspabi_fltuf          
0000cc32  _config_clock           
0000cc52  _c_int00_noargs_noexit  
0000cc6c  SHT10_init              
0000cc80  __TI_zero_init          
0000cc94  __mspabi_mpyi           
0000cc94  __mspabi_mpyi_sw        
0000cca8  __TI_decompress_none    
0000ccba  memcpy                  
0000cccc  __mspabi_func_epilog_7  
0000ccce  __mspabi_func_epilog_6  
0000ccd0  __mspabi_func_epilog_5  
0000ccd2  __mspabi_func_epilog_4  
0000ccd4  __mspabi_func_epilog_3  
0000ccd6  __mspabi_func_epilog_2  
0000ccd8  __mspabi_func_epilog_1  
0000ccdc  USCI0RX_IRS             
0000ccea  strlen                  
0000ccf8  UART_printf_char        
0000cd04  __mspabi_negf           
0000cd0e  __TI_ISR_TRAP           
0000cd16  C$$EXIT                 
0000cd16  abort                   
0000cd1c  _system_pre_init        
0000cd20  _system_post_cinit      
0000cd50  __TI_Handler_Table_Base 
0000cd56  __TI_Handler_Table_Limit
0000cd5a  __TI_CINIT_Base         
0000cd62  __TI_CINIT_Limit        
0000ffe0  __TI_int00              
0000ffe4  __TI_int02              
0000ffe6  __TI_int03              
0000ffea  __TI_int05              
0000ffec  __TI_int06              
0000ffee  __TI_int07              
0000fff0  __TI_int08              
0000fff2  __TI_int09              
0000fff4  __TI_int10              
0000fff6  __TI_int11              
0000fff8  __TI_int12              
0000fffa  __TI_int13              
0000fffc  __TI_int14              
0000fffe  _reset_vector           
ffffffff  __TI_pprof_out_hndl     
ffffffff  __TI_prof_data_size     
ffffffff  __TI_prof_data_start    
ffffffff  __c_args__              
UNDEFED   __TI_BINIT_Base         
UNDEFED   __TI_BINIT_Limit        
UNDEFED   __TI_INITARRAY_Base     
UNDEFED   __TI_INITARRAY_Limit    

[251 symbols]
