******************************************************************************
                  MSP430 Linker PC v16.9.1                     
******************************************************************************
>> Linked Fri Apr 21 00:15:14 2017

OUTPUT FILE NAME:   <project_EmbededSystem.out>
ENTRY POINT SYMBOL: "_c_int00_noinit_noargs_noexit"  address: 0000cd46


MEMORY CONFIGURATION

         name            origin    length      used     unused   attr    fill
----------------------  --------  ---------  --------  --------  ----  --------
  SFR                   00000000   00000010  00000000  00000010  RWIX
  PERIPHERALS_8BIT      00000010   000000f0  00000000  000000f0  RWIX
  PERIPHERALS_16BIT     00000100   00000100  00000000  00000100  RWIX
  RAM                   00000200   00000200  00000050  000001b0  RWIX
  INFOD                 00001000   00000040  00000000  00000040  RWIX
  INFOC                 00001040   00000040  00000000  00000040  RWIX
  INFOB                 00001080   00000040  00000000  00000040  RWIX
  INFOA                 000010c0   00000040  00000000  00000040  RWIX
  FLASH                 0000c000   00003fde  00000dd2  0000320c  RWIX
  BSLSIGNATURE          0000ffde   00000002  00000002  00000000  RWIX  ffff 
  INT00                 0000ffe0   00000002  00000002  00000000  RWIX
  INT01                 0000ffe2   00000002  00000000  00000002  RWIX
  INT02                 0000ffe4   00000002  00000002  00000000  RWIX
  INT03                 0000ffe6   00000002  00000002  00000000  RWIX
  INT04                 0000ffe8   00000002  00000000  00000002  RWIX
  INT05                 0000ffea   00000002  00000002  00000000  RWIX
  INT06                 0000ffec   00000002  00000002  00000000  RWIX
  INT07                 0000ffee   00000002  00000002  00000000  RWIX
  INT08                 0000fff0   00000002  00000002  00000000  RWIX
  INT09                 0000fff2   00000002  00000002  00000000  RWIX
  INT10                 0000fff4   00000002  00000002  00000000  RWIX
  INT11                 0000fff6   00000002  00000002  00000000  RWIX
  INT12                 0000fff8   00000002  00000002  00000000  RWIX
  INT13                 0000fffa   00000002  00000002  00000000  RWIX
  INT14                 0000fffc   00000002  00000002  00000000  RWIX
  RESET                 0000fffe   00000002  00000002  00000000  RWIX


SECTION ALLOCATION MAP

 output                                  attributes/
section   page    origin      length       input sections
--------  ----  ----------  ----------   ----------------
.stack     0    000003b0    00000050     UNINITIALIZED
                  000003b0    00000002     rts430_eabi.lib : boot.obj (.stack)
                  000003b2    0000004e     --HOLE--

.text      0    0000c000    00000dd2     
                  0000c000    000002e8     rts430_eabi.lib : addd.obj (.text:__mspabi_addd)
                  0000c2e8    00000260                     : frcaddd.obj (.text:__TI_frcaddd)
                  0000c548    00000132                     : fs_add.obj (.text)
                  0000c67a    000000c4                     : fs_mpy.obj (.text)
                  0000c73e    000000be                     : renormd.obj (.text:__TI_renormd)
                  0000c7fc    000000a2     main.obj (.text:printf_float)
                  0000c89e    00000078     main.obj (.text:printf_int)
                  0000c916    00000074     rts430_eabi.lib : fixdul.obj (.text:__mspabi_fixdul)
                  0000c98a    00000072                     : cvtfd.obj (.text:__mspabi_cvtfd)
                  0000c9fc    0000005c                     : lsr32.obj (.text:l_lsr_const)
                  0000ca58    00000058                     : div32u.obj (.text)
                  0000cab0    0000004c                     : fs_toul.obj (.text)
                  0000cafc    0000004c                     : lsr16.obj (.text)
                  0000cb48    0000004a                     : fs_cmp.obj (.text)
                  0000cb92    00000048     main.obj (.text:main)
                  0000cbda    0000003e     rts430_eabi.lib : asr32.obj (.text:l_asr_const)
                  0000cc18    0000003e                     : lsl32.obj (.text:l_lsl_const)
                  0000cc56    00000032     main.obj (.text:_config_uart)
                  0000cc88    00000032     rts430_eabi.lib : fs_ultof.obj (.text)
                  0000ccba    0000002c                     : asr16.obj (.text)
                  0000cce6    0000002c                     : lsl16.obj (.text)
                  0000cd12    00000020     main.obj (.text:_config_clock)
                  0000cd32    00000014     main.obj (.text:USCI0RX_IRS)
                  0000cd46    00000012     rts430_eabi.lib : boot_special.obj (.text:_c_int00_noinit_noargs_noexit)
                  0000cd58    00000012                     : lsr32.obj (.text:l_lsr)
                  0000cd6a    00000010     main.obj (.text:_config_gpio)
                  0000cd7a    00000010     rts430_eabi.lib : asr32.obj (.text:l_asr)
                  0000cd8a    00000010                     : lsl32.obj (.text:l_lsl)
                  0000cd9a    00000010                     : epilog.obj (.text)
                  0000cdaa    0000000c     main.obj (.text:printf_char)
                  0000cdb6    0000000a     rts430_eabi.lib : fs_neg.obj (.text)
                  0000cdc0    00000008                     : isr_trap.obj (.text:_isr:__TI_ISR_TRAP)
                  0000cdc8    00000006                     : exit.obj (.text:abort)
                  0000cdce    00000004                     : pre_init.obj (.text:_system_pre_init)

.cinit     0    0000c000    00000000     UNINITIALIZED

.binit     0    0000c000    00000000     

.init_array 
*          0    0000c000    00000000     UNINITIALIZED

TRAPINT    0    0000ffe0    00000002     
                  0000ffe0    00000002     rts430_eabi.lib : int00.obj (.int00)

$fill000   0    0000ffde    00000002     
                  0000ffde    00000002     --HOLE-- [fill = ffff]

PORT1      0    0000ffe4    00000002     
                  0000ffe4    00000002     rts430_eabi.lib : int02.obj (.int02)

PORT2      0    0000ffe6    00000002     
                  0000ffe6    00000002     rts430_eabi.lib : int03.obj (.int03)

ADC10      0    0000ffea    00000002     
                  0000ffea    00000002     rts430_eabi.lib : int05.obj (.int05)

USCIAB0TX 
*          0    0000ffec    00000002     
                  0000ffec    00000002     rts430_eabi.lib : int06.obj (.int06)

USCIAB0RX 
*          0    0000ffee    00000002     
                  0000ffee    00000002     main.obj (.int07)

TIMER0_A1 
*          0    0000fff0    00000002     
                  0000fff0    00000002     rts430_eabi.lib : int08.obj (.int08)

TIMER0_A0 
*          0    0000fff2    00000002     
                  0000fff2    00000002     rts430_eabi.lib : int09.obj (.int09)

WDT        0    0000fff4    00000002     
                  0000fff4    00000002     rts430_eabi.lib : int10.obj (.int10)

COMPARATORA 
*          0    0000fff6    00000002     
                  0000fff6    00000002     rts430_eabi.lib : int11.obj (.int11)

TIMER1_A1 
*          0    0000fff8    00000002     
                  0000fff8    00000002     rts430_eabi.lib : int12.obj (.int12)

TIMER1_A0 
*          0    0000fffa    00000002     
                  0000fffa    00000002     rts430_eabi.lib : int13.obj (.int13)

NMI        0    0000fffc    00000002     
                  0000fffc    00000002     rts430_eabi.lib : int14.obj (.int14)

.reset     0    0000fffe    00000002     
                  0000fffe    00000002     rts430_eabi.lib : boot.obj (.reset)

MODULE SUMMARY

       Module             code   ro data   rw data
       ------             ----   -------   -------
    .\
       main.obj           484    2         0      
    +--+------------------+------+---------+---------+
       Total:             484    2         0      
                                                  
    C:\ti\ccsv7\tools\compiler\ti-cgt-msp430_16.9.1.LTS\lib\rts430_eabi.lib
       addd.obj           744    0         0      
       frcaddd.obj        608    0         0      
       fs_add.obj         306    0         0      
       fs_mpy.obj         196    0         0      
       renormd.obj        190    0         0      
       fixdul.obj         116    0         0      
       cvtfd.obj          114    0         0      
       lsr32.obj          110    0         0      
       div32u.obj         88     0         0      
       asr32.obj          78     0         0      
       lsl32.obj          78     0         0      
       fs_toul.obj        76     0         0      
       lsr16.obj          76     0         0      
       fs_cmp.obj         74     0         0      
       fs_ultof.obj       50     0         0      
       asr16.obj          44     0         0      
       lsl16.obj          44     0         0      
       boot_special.obj   18     0         0      
       epilog.obj         16     0         0      
       fs_neg.obj         10     0         0      
       isr_trap.obj       8      0         0      
       exit.obj           6      0         0      
       pre_init.obj       4      0         0      
       boot.obj           0      2         0      
       int00.obj          0      2         0      
       int02.obj          0      2         0      
       int03.obj          0      2         0      
       int05.obj          0      2         0      
       int06.obj          0      2         0      
       int08.obj          0      2         0      
       int09.obj          0      2         0      
       int10.obj          0      2         0      
       int11.obj          0      2         0      
       int12.obj          0      2         0      
       int13.obj          0      2         0      
       int14.obj          0      2         0      
    +--+------------------+------+---------+---------+
       Total:             3054   26        0      
                                                  
       Stack:             0      0         80     
    +--+------------------+------+---------+---------+
       Grand Total:       3538   28        80     


GLOBAL SYMBOLS: SORTED ALPHABETICALLY BY Name 

address   name                         
-------   ----                         
0000004a  ADC10AE0                     
000001b0  ADC10CTL0                    
000001b2  ADC10CTL1                    
00000048  ADC10DTC0                    
00000049  ADC10DTC1                    
000001b4  ADC10MEM                     
000001bc  ADC10SA                      
00000057  BCSCTL1                      
00000058  BCSCTL2                      
00000053  BCSCTL3                      
0000cdc8  C$$EXIT                      
00000059  CACTL1                       
0000005a  CACTL2                       
000010fb  CALBC1_12MHZ                 
000010f9  CALBC1_16MHZ                 
000010ff  CALBC1_1MHZ                  
000010fd  CALBC1_8MHZ                  
000010fa  CALDCO_12MHZ                 
000010f8  CALDCO_16MHZ                 
000010fe  CALDCO_1MHZ                  
000010fc  CALDCO_8MHZ                  
0000005b  CAPD                         
00000056  DCOCTL                       
00000128  FCTL1                        
0000012a  FCTL2                        
0000012c  FCTL3                        
00000000  IE1                          
00000001  IE2                          
00000002  IFG1                         
00000003  IFG2                         
00000022  P1DIR                        
00000025  P1IE                         
00000024  P1IES                        
00000023  P1IFG                        
00000020  P1IN                         
00000021  P1OUT                        
00000027  P1REN                        
00000026  P1SEL                        
00000041  P1SEL2                       
0000002a  P2DIR                        
0000002d  P2IE                         
0000002c  P2IES                        
0000002b  P2IFG                        
00000028  P2IN                         
00000029  P2OUT                        
0000002f  P2REN                        
0000002e  P2SEL                        
00000042  P2SEL2                       
0000001a  P3DIR                        
00000018  P3IN                         
00000019  P3OUT                        
00000010  P3REN                        
0000001b  P3SEL                        
00000043  P3SEL2                       
00000172  TA0CCR0                      
00000174  TA0CCR1                      
00000176  TA0CCR2                      
00000162  TA0CCTL0                     
00000164  TA0CCTL1                     
00000166  TA0CCTL2                     
00000160  TA0CTL                       
0000012e  TA0IV                        
00000170  TA0R                         
00000192  TA1CCR0                      
00000194  TA1CCR1                      
00000196  TA1CCR2                      
00000182  TA1CCTL0                     
00000184  TA1CCTL1                     
00000186  TA1CCTL2                     
00000180  TA1CTL                       
0000011e  TA1IV                        
00000190  TA1R                         
000010db  TLV_ADC10_1_LEN              
000010da  TLV_ADC10_1_TAG              
000010c0  TLV_CHECKSUM                 
000010f7  TLV_DCO_30_LEN               
000010f6  TLV_DCO_30_TAG               
0000005d  UCA0ABCTL                    
00000062  UCA0BR0                      
00000063  UCA0BR1                      
00000060  UCA0CTL0                     
00000061  UCA0CTL1                     
0000005f  UCA0IRRCTL                   
0000005e  UCA0IRTCTL                   
00000064  UCA0MCTL                     
00000066  UCA0RXBUF                    
00000065  UCA0STAT                     
00000067  UCA0TXBUF                    
0000006a  UCB0BR0                      
0000006b  UCB0BR1                      
00000068  UCB0CTL0                     
00000069  UCB0CTL1                     
0000006c  UCB0I2CIE                    
00000118  UCB0I2COA                    
0000011a  UCB0I2CSA                    
0000006e  UCB0RXBUF                    
0000006d  UCB0STAT                     
0000006f  UCB0TXBUF                    
0000cd32  USCI0RX_IRS                  
00000120  WDTCTL                       
00000400  __STACK_END                  
00000050  __STACK_SIZE                 
0000cdc0  __TI_ISR_TRAP                
0000c2e8  __TI_frcaddd                 
0000ffe0  __TI_int00                   
0000ffe4  __TI_int02                   
0000ffe6  __TI_int03                   
0000ffea  __TI_int05                   
0000ffec  __TI_int06                   
0000ffee  __TI_int07                   
0000fff0  __TI_int08                   
0000fff2  __TI_int09                   
0000fff4  __TI_int10                   
0000fff6  __TI_int11                   
0000fff8  __TI_int12                   
0000fffa  __TI_int13                   
0000fffc  __TI_int14                   
ffffffff  __TI_pprof_out_hndl          
ffffffff  __TI_prof_data_size          
ffffffff  __TI_prof_data_start         
0000c73e  __TI_renormd                 
ffffffff  __c_args__                   
0000c000  __mspabi_addd                
0000c54e  __mspabi_addf                
0000cb48  __mspabi_cmpf                
0000c98a  __mspabi_cvtfd               
0000ca58  __mspabi_divul               
0000c916  __mspabi_fixdul              
0000cab0  __mspabi_fixful              
0000cc88  __mspabi_fltulf              
0000cda6  __mspabi_func_epilog_1       
0000cda4  __mspabi_func_epilog_2       
0000cda2  __mspabi_func_epilog_3       
0000cda0  __mspabi_func_epilog_4       
0000cd9e  __mspabi_func_epilog_5       
0000cd9c  __mspabi_func_epilog_6       
0000cd9a  __mspabi_func_epilog_7       
0000c67a  __mspabi_mpyf                
0000cdb6  __mspabi_negf                
0000ca58  __mspabi_remul               
0000cce6  __mspabi_slli                
0000cd0e  __mspabi_slli_1              
0000ccfc  __mspabi_slli_10             
0000ccfa  __mspabi_slli_11             
0000ccf8  __mspabi_slli_12             
0000ccf6  __mspabi_slli_13             
0000ccf4  __mspabi_slli_14             
0000ccf2  __mspabi_slli_15             
0000cd0c  __mspabi_slli_2              
0000cd0a  __mspabi_slli_3              
0000cd08  __mspabi_slli_4              
0000cd06  __mspabi_slli_5              
0000cd04  __mspabi_slli_6              
0000cd02  __mspabi_slli_7              
0000cd00  __mspabi_slli_8              
0000ccfe  __mspabi_slli_9              
0000cd8a  __mspabi_slll                
0000cc50  __mspabi_slll_1              
0000cc2c  __mspabi_slll_10             
0000cc28  __mspabi_slll_11             
0000cc24  __mspabi_slll_12             
0000cc20  __mspabi_slll_13             
0000cc1c  __mspabi_slll_14             
0000cc18  __mspabi_slll_15             
0000cc4c  __mspabi_slll_2              
0000cc48  __mspabi_slll_3              
0000cc44  __mspabi_slll_4              
0000cc40  __mspabi_slll_5              
0000cc3c  __mspabi_slll_6              
0000cc38  __mspabi_slll_7              
0000cc34  __mspabi_slll_8              
0000cc30  __mspabi_slll_9              
0000ccba  __mspabi_srai                
0000cce2  __mspabi_srai_1              
0000ccd0  __mspabi_srai_10             
0000ccce  __mspabi_srai_11             
0000cccc  __mspabi_srai_12             
0000ccca  __mspabi_srai_13             
0000ccc8  __mspabi_srai_14             
0000ccc6  __mspabi_srai_15             
0000cce0  __mspabi_srai_2              
0000ccde  __mspabi_srai_3              
0000ccdc  __mspabi_srai_4              
0000ccda  __mspabi_srai_5              
0000ccd8  __mspabi_srai_6              
0000ccd6  __mspabi_srai_7              
0000ccd4  __mspabi_srai_8              
0000ccd2  __mspabi_srai_9              
0000cd7a  __mspabi_sral                
0000cc12  __mspabi_sral_1              
0000cbee  __mspabi_sral_10             
0000cbea  __mspabi_sral_11             
0000cbe6  __mspabi_sral_12             
0000cbe2  __mspabi_sral_13             
0000cbde  __mspabi_sral_14             
0000cbda  __mspabi_sral_15             
0000cc0e  __mspabi_sral_2              
0000cc0a  __mspabi_sral_3              
0000cc06  __mspabi_sral_4              
0000cc02  __mspabi_sral_5              
0000cbfe  __mspabi_sral_6              
0000cbfa  __mspabi_sral_7              
0000cbf6  __mspabi_sral_8              
0000cbf2  __mspabi_sral_9              
0000cafc  __mspabi_srli                
0000cb42  __mspabi_srli_1              
0000cb1e  __mspabi_srli_10             
0000cb1a  __mspabi_srli_11             
0000cb16  __mspabi_srli_12             
0000cb12  __mspabi_srli_13             
0000cb0e  __mspabi_srli_14             
0000cb0a  __mspabi_srli_15             
0000cb3e  __mspabi_srli_2              
0000cb3a  __mspabi_srli_3              
0000cb36  __mspabi_srli_4              
0000cb32  __mspabi_srli_5              
0000cb2e  __mspabi_srli_6              
0000cb2a  __mspabi_srli_7              
0000cb26  __mspabi_srli_8              
0000cb22  __mspabi_srli_9              
0000cd58  __mspabi_srll                
0000ca50  __mspabi_srll_1              
0000ca1a  __mspabi_srll_10             
0000ca14  __mspabi_srll_11             
0000ca0e  __mspabi_srll_12             
0000ca08  __mspabi_srll_13             
0000ca02  __mspabi_srll_14             
0000c9fc  __mspabi_srll_15             
0000ca4a  __mspabi_srll_2              
0000ca44  __mspabi_srll_3              
0000ca3e  __mspabi_srll_4              
0000ca38  __mspabi_srll_5              
0000ca32  __mspabi_srll_6              
0000ca2c  __mspabi_srll_7              
0000ca26  __mspabi_srll_8              
0000ca20  __mspabi_srll_9              
0000c548  __mspabi_subf                
0000cd46  _c_int00_noinit_noargs_noexit
0000cd12  _config_clock                
0000cd6a  _config_gpio                 
0000cc56  _config_uart                 
0000fffe  _reset_vector                
000003b0  _stack                       
0000cdce  _system_pre_init             
0000cdc8  abort                        
0000cb92  main                         
0000cdaa  printf_char                  
0000c7fc  printf_float                 
0000c89e  printf_int                   


GLOBAL SYMBOLS: SORTED BY Symbol Address 

address   name                         
-------   ----                         
00000000  IE1                          
00000001  IE2                          
00000002  IFG1                         
00000003  IFG2                         
00000010  P3REN                        
00000018  P3IN                         
00000019  P3OUT                        
0000001a  P3DIR                        
0000001b  P3SEL                        
00000020  P1IN                         
00000021  P1OUT                        
00000022  P1DIR                        
00000023  P1IFG                        
00000024  P1IES                        
00000025  P1IE                         
00000026  P1SEL                        
00000027  P1REN                        
00000028  P2IN                         
00000029  P2OUT                        
0000002a  P2DIR                        
0000002b  P2IFG                        
0000002c  P2IES                        
0000002d  P2IE                         
0000002e  P2SEL                        
0000002f  P2REN                        
00000041  P1SEL2                       
00000042  P2SEL2                       
00000043  P3SEL2                       
00000048  ADC10DTC0                    
00000049  ADC10DTC1                    
0000004a  ADC10AE0                     
00000050  __STACK_SIZE                 
00000053  BCSCTL3                      
00000056  DCOCTL                       
00000057  BCSCTL1                      
00000058  BCSCTL2                      
00000059  CACTL1                       
0000005a  CACTL2                       
0000005b  CAPD                         
0000005d  UCA0ABCTL                    
0000005e  UCA0IRTCTL                   
0000005f  UCA0IRRCTL                   
00000060  UCA0CTL0                     
00000061  UCA0CTL1                     
00000062  UCA0BR0                      
00000063  UCA0BR1                      
00000064  UCA0MCTL                     
00000065  UCA0STAT                     
00000066  UCA0RXBUF                    
00000067  UCA0TXBUF                    
00000068  UCB0CTL0                     
00000069  UCB0CTL1                     
0000006a  UCB0BR0                      
0000006b  UCB0BR1                      
0000006c  UCB0I2CIE                    
0000006d  UCB0STAT                     
0000006e  UCB0RXBUF                    
0000006f  UCB0TXBUF                    
00000118  UCB0I2COA                    
0000011a  UCB0I2CSA                    
0000011e  TA1IV                        
00000120  WDTCTL                       
00000128  FCTL1                        
0000012a  FCTL2                        
0000012c  FCTL3                        
0000012e  TA0IV                        
00000160  TA0CTL                       
00000162  TA0CCTL0                     
00000164  TA0CCTL1                     
00000166  TA0CCTL2                     
00000170  TA0R                         
00000172  TA0CCR0                      
00000174  TA0CCR1                      
00000176  TA0CCR2                      
00000180  TA1CTL                       
00000182  TA1CCTL0                     
00000184  TA1CCTL1                     
00000186  TA1CCTL2                     
00000190  TA1R                         
00000192  TA1CCR0                      
00000194  TA1CCR1                      
00000196  TA1CCR2                      
000001b0  ADC10CTL0                    
000001b2  ADC10CTL1                    
000001b4  ADC10MEM                     
000001bc  ADC10SA                      
000003b0  _stack                       
00000400  __STACK_END                  
000010c0  TLV_CHECKSUM                 
000010da  TLV_ADC10_1_TAG              
000010db  TLV_ADC10_1_LEN              
000010f6  TLV_DCO_30_TAG               
000010f7  TLV_DCO_30_LEN               
000010f8  CALDCO_16MHZ                 
000010f9  CALBC1_16MHZ                 
000010fa  CALDCO_12MHZ                 
000010fb  CALBC1_12MHZ                 
000010fc  CALDCO_8MHZ                  
000010fd  CALBC1_8MHZ                  
000010fe  CALDCO_1MHZ                  
000010ff  CALBC1_1MHZ                  
0000c000  __mspabi_addd                
0000c2e8  __TI_frcaddd                 
0000c548  __mspabi_subf                
0000c54e  __mspabi_addf                
0000c67a  __mspabi_mpyf                
0000c73e  __TI_renormd                 
0000c7fc  printf_float                 
0000c89e  printf_int                   
0000c916  __mspabi_fixdul              
0000c98a  __mspabi_cvtfd               
0000c9fc  __mspabi_srll_15             
0000ca02  __mspabi_srll_14             
0000ca08  __mspabi_srll_13             
0000ca0e  __mspabi_srll_12             
0000ca14  __mspabi_srll_11             
0000ca1a  __mspabi_srll_10             
0000ca20  __mspabi_srll_9              
0000ca26  __mspabi_srll_8              
0000ca2c  __mspabi_srll_7              
0000ca32  __mspabi_srll_6              
0000ca38  __mspabi_srll_5              
0000ca3e  __mspabi_srll_4              
0000ca44  __mspabi_srll_3              
0000ca4a  __mspabi_srll_2              
0000ca50  __mspabi_srll_1              
0000ca58  __mspabi_divul               
0000ca58  __mspabi_remul               
0000cab0  __mspabi_fixful              
0000cafc  __mspabi_srli                
0000cb0a  __mspabi_srli_15             
0000cb0e  __mspabi_srli_14             
0000cb12  __mspabi_srli_13             
0000cb16  __mspabi_srli_12             
0000cb1a  __mspabi_srli_11             
0000cb1e  __mspabi_srli_10             
0000cb22  __mspabi_srli_9              
0000cb26  __mspabi_srli_8              
0000cb2a  __mspabi_srli_7              
0000cb2e  __mspabi_srli_6              
0000cb32  __mspabi_srli_5              
0000cb36  __mspabi_srli_4              
0000cb3a  __mspabi_srli_3              
0000cb3e  __mspabi_srli_2              
0000cb42  __mspabi_srli_1              
0000cb48  __mspabi_cmpf                
0000cb92  main                         
0000cbda  __mspabi_sral_15             
0000cbde  __mspabi_sral_14             
0000cbe2  __mspabi_sral_13             
0000cbe6  __mspabi_sral_12             
0000cbea  __mspabi_sral_11             
0000cbee  __mspabi_sral_10             
0000cbf2  __mspabi_sral_9              
0000cbf6  __mspabi_sral_8              
0000cbfa  __mspabi_sral_7              
0000cbfe  __mspabi_sral_6              
0000cc02  __mspabi_sral_5              
0000cc06  __mspabi_sral_4              
0000cc0a  __mspabi_sral_3              
0000cc0e  __mspabi_sral_2              
0000cc12  __mspabi_sral_1              
0000cc18  __mspabi_slll_15             
0000cc1c  __mspabi_slll_14             
0000cc20  __mspabi_slll_13             
0000cc24  __mspabi_slll_12             
0000cc28  __mspabi_slll_11             
0000cc2c  __mspabi_slll_10             
0000cc30  __mspabi_slll_9              
0000cc34  __mspabi_slll_8              
0000cc38  __mspabi_slll_7              
0000cc3c  __mspabi_slll_6              
0000cc40  __mspabi_slll_5              
0000cc44  __mspabi_slll_4              
0000cc48  __mspabi_slll_3              
0000cc4c  __mspabi_slll_2              
0000cc50  __mspabi_slll_1              
0000cc56  _config_uart                 
0000cc88  __mspabi_fltulf              
0000ccba  __mspabi_srai                
0000ccc6  __mspabi_srai_15             
0000ccc8  __mspabi_srai_14             
0000ccca  __mspabi_srai_13             
0000cccc  __mspabi_srai_12             
0000ccce  __mspabi_srai_11             
0000ccd0  __mspabi_srai_10             
0000ccd2  __mspabi_srai_9              
0000ccd4  __mspabi_srai_8              
0000ccd6  __mspabi_srai_7              
0000ccd8  __mspabi_srai_6              
0000ccda  __mspabi_srai_5              
0000ccdc  __mspabi_srai_4              
0000ccde  __mspabi_srai_3              
0000cce0  __mspabi_srai_2              
0000cce2  __mspabi_srai_1              
0000cce6  __mspabi_slli                
0000ccf2  __mspabi_slli_15             
0000ccf4  __mspabi_slli_14             
0000ccf6  __mspabi_slli_13             
0000ccf8  __mspabi_slli_12             
0000ccfa  __mspabi_slli_11             
0000ccfc  __mspabi_slli_10             
0000ccfe  __mspabi_slli_9              
0000cd00  __mspabi_slli_8              
0000cd02  __mspabi_slli_7              
0000cd04  __mspabi_slli_6              
0000cd06  __mspabi_slli_5              
0000cd08  __mspabi_slli_4              
0000cd0a  __mspabi_slli_3              
0000cd0c  __mspabi_slli_2              
0000cd0e  __mspabi_slli_1              
0000cd12  _config_clock                
0000cd32  USCI0RX_IRS                  
0000cd46  _c_int00_noinit_noargs_noexit
0000cd58  __mspabi_srll                
0000cd6a  _config_gpio                 
0000cd7a  __mspabi_sral                
0000cd8a  __mspabi_slll                
0000cd9a  __mspabi_func_epilog_7       
0000cd9c  __mspabi_func_epilog_6       
0000cd9e  __mspabi_func_epilog_5       
0000cda0  __mspabi_func_epilog_4       
0000cda2  __mspabi_func_epilog_3       
0000cda4  __mspabi_func_epilog_2       
0000cda6  __mspabi_func_epilog_1       
0000cdaa  printf_char                  
0000cdb6  __mspabi_negf                
0000cdc0  __TI_ISR_TRAP                
0000cdc8  C$$EXIT                      
0000cdc8  abort                        
0000cdce  _system_pre_init             
0000ffe0  __TI_int00                   
0000ffe4  __TI_int02                   
0000ffe6  __TI_int03                   
0000ffea  __TI_int05                   
0000ffec  __TI_int06                   
0000ffee  __TI_int07                   
0000fff0  __TI_int08                   
0000fff2  __TI_int09                   
0000fff4  __TI_int10                   
0000fff6  __TI_int11                   
0000fff8  __TI_int12                   
0000fffa  __TI_int13                   
0000fffc  __TI_int14                   
0000fffe  _reset_vector                
ffffffff  __TI_pprof_out_hndl          
ffffffff  __TI_prof_data_size          
ffffffff  __TI_prof_data_start         
ffffffff  __c_args__                   

[249 symbols]
